 >     TALLY 2: NEUTRON FLUX AT THE EXTERNAL SURFACE IN VITAMIN-J 175 ENERGY GROUPS     <

 Cell 3
   Particle: neutron
     Incoming Energy [1e-05, 0.1)
       Total Material
         Flux                                 1.05512e-08 +/- 4.17491e-09
     Incoming Energy [0.1, 0.41399)
       Total Material
         Flux                                 4.84073e-07 +/- 4.45358e-08
     Incoming Energy [0.41399, 0.53158)
       Total Material
         Flux                                 3.45926e-07 +/- 2.27552e-08
     Incoming Energy [0.53158, 0.68256)
       Total Material
         Flux                                 6.13934e-07 +/- 5.75967e-08
     Incoming Energy [0.68256, 0.87643)
       Total Material
         Flux                                 8.53861e-07 +/- 2.10243e-08
     Incoming Energy [0.87643, 1.1253)
       Total Material
         Flux                                 1.32473e-06 +/- 8.83837e-08
     Incoming Energy [1.1253, 1.445)
       Total Material
         Flux                                 1.87994e-06 +/- 5.8103e-08
     Incoming Energy [1.445, 1.8554)
       Total Material
         Flux                                 2.49365e-06 +/- 9.32161e-08
     Incoming Energy [1.8554, 2.3824)
       Total Material
         Flux                                 3.29367e-06 +/- 1.22638e-07
     Incoming Energy [2.3824, 3.059)
       Total Material
         Flux                                 4.10294e-06 +/- 6.53713e-08
     Incoming Energy [3.059, 3.9279)
       Total Material
         Flux                                 4.86787e-06 +/- 9.58804e-08
     Incoming Energy [3.9279, 5.0435)
       Total Material
         Flux                                 5.93709e-06 +/- 1.43083e-07
     Incoming Energy [5.0435, 6.4759)
       Total Material
         Flux                                 6.95869e-06 +/- 1.32598e-07
     Incoming Energy [6.4759, 8.3153)
       Total Material
         Flux                                 8.18255e-06 +/- 1.27845e-07
     Incoming Energy [8.3153, 10.677)
       Total Material
         Flux                                 9.09866e-06 +/- 1.89568e-07
     Incoming Energy [10.677, 13.71)
       Total Material
         Flux                                 9.94128e-06 +/- 2.04748e-07
     Incoming Energy [13.71, 17.604)
       Total Material
         Flux                                 1.14737e-05 +/- 2.53696e-07
     Incoming Energy [17.604, 22.603)
       Total Material
         Flux                                 1.24398e-05 +/- 1.30392e-07
     Incoming Energy [22.603, 29.023)
       Total Material
         Flux                                 1.31693e-05 +/- 2.24351e-07
     Incoming Energy [29.023, 37.266)
       Total Material
         Flux                                 1.41699e-05 +/- 2.88401e-07
     Incoming Energy [37.266, 47.851)
       Total Material
         Flux                                 1.43479e-05 +/- 2.70717e-07
     Incoming Energy [47.851, 61.442)
       Total Material
         Flux                                 2.01467e-05 +/- 2.24912e-07
     Incoming Energy [61.442, 78.893)
       Total Material
         Flux                                 2.17475e-05 +/- 2.73829e-07
     Incoming Energy [78.893, 101.3)
       Total Material
         Flux                                 2.22425e-05 +/- 2.3643e-07
     Incoming Energy [101.3, 130.07)
       Total Material
         Flux                                 2.28471e-05 +/- 3.52791e-07
     Incoming Energy [130.07, 167.02)
       Total Material
         Flux                                 2.45691e-05 +/- 3.76064e-07
     Incoming Energy [167.02, 214.45)
       Total Material
         Flux                                 2.84318e-05 +/- 2.71329e-07
     Incoming Energy [214.45, 275.36)
       Total Material
         Flux                                 2.70159e-05 +/- 3.08025e-07
     Incoming Energy [275.36, 353.58)
       Total Material
         Flux                                 1.21579e-05 +/- 2.37194e-07
     Incoming Energy [353.58, 454)
       Total Material
         Flux                                 2.27971e-05 +/- 2.18415e-07
     Incoming Energy [454, 582.95)
       Total Material
         Flux                                 3.75961e-05 +/- 4.78671e-07
     Incoming Energy [582.95, 748.52)
       Total Material
         Flux                                 4.31897e-05 +/- 2.55729e-07
     Incoming Energy [748.52, 961.12)
       Total Material
         Flux                                 4.59345e-05 +/- 5.09607e-07
     Incoming Energy [961.12, 1234.1)
       Total Material
         Flux                                 4.38052e-05 +/- 2.64602e-07
     Incoming Energy [1234.1, 1584.6)
       Total Material
         Flux                                 6.14483e-05 +/- 4.43089e-07
     Incoming Energy [1584.6, 2034.7)
       Total Material
         Flux                                 5.52181e-05 +/- 4.68503e-07
     Incoming Energy [2034.7, 2248.7)
       Total Material
         Flux                                 1.32492e-05 +/- 1.30181e-07
     Incoming Energy [2248.7, 2485.2)
       Total Material
         Flux                                 7.25202e-06 +/- 1.53346e-07
     Incoming Energy [2485.2, 2612.6)
       Total Material
         Flux                                 4.82796e-06 +/- 1.20502e-07
     Incoming Energy [2612.6, 2746.5)
       Total Material
         Flux                                 6.8784e-06 +/- 1.07041e-07
     Incoming Energy [2746.5, 3035.4)
       Total Material
         Flux                                 1.80161e-05 +/- 2.29609e-07
     Incoming Energy [3035.4, 3354.6)
       Total Material
         Flux                                 1.94794e-05 +/- 2.44303e-07
     Incoming Energy [3354.6, 3707.4)
       Total Material
         Flux                                 1.74885e-05 +/- 1.97849e-07
     Incoming Energy [3707.4, 4307.4)
       Total Material
         Flux                                 1.76613e-05 +/- 2.36452e-07
     Incoming Energy [4307.4, 5530.8)
       Total Material
         Flux                                 3.69906e-05 +/- 3.88263e-07
     Incoming Energy [5530.8, 7101.7)
       Total Material
         Flux                                 3.40378e-05 +/- 3.22342e-07
     Incoming Energy [7101.7, 9118.8)
       Total Material
         Flux                                 2.35477e-05 +/- 5.32208e-07
     Incoming Energy [9118.8, 10595)
       Total Material
         Flux                                 4.52657e-05 +/- 3.91047e-07
     Incoming Energy [10595, 11709)
       Total Material
         Flux                                 3.41936e-05 +/- 2.50652e-07
     Incoming Energy [11709, 15034)
       Total Material
         Flux                                 6.34421e-05 +/- 6.02488e-07
     Incoming Energy [15034, 19304)
       Total Material
         Flux                                 8.46523e-05 +/- 4.58545e-07
     Incoming Energy [19304, 21875)
       Total Material
         Flux                                 0.000102519 +/- 8.1601e-07
     Incoming Energy [21875, 23579)
       Total Material
         Flux                                 9.87065e-05 +/- 3.04647e-07
     Incoming Energy [23579, 24176)
       Total Material
         Flux                                 4.00024e-05 +/- 3.94709e-07
     Incoming Energy [24176, 24788)
       Total Material
         Flux                                 5.91928e-05 +/- 3.4275e-07
     Incoming Energy [24788, 26058)
       Total Material
         Flux                                 9.73619e-05 +/- 3.76907e-07
     Incoming Energy [26058, 27000)
       Total Material
         Flux                                 1.39177e-05 +/- 1.41923e-07
     Incoming Energy [27000, 28501)
       Total Material
         Flux                                 1.62487e-06 +/- 6.27936e-08
     Incoming Energy [28501, 31828)
       Total Material
         Flux                                 1.27116e-05 +/- 1.61211e-07
     Incoming Energy [31828, 34307)
       Total Material
         Flux                                 2.37287e-05 +/- 3.9855e-07
     Incoming Energy [34307, 40868)
       Total Material
         Flux                                 9.28438e-05 +/- 6.21567e-07
     Incoming Energy [40868, 46309)
       Total Material
         Flux                                 0.000115567 +/- 4.13482e-07
     Incoming Energy [46309, 52475)
       Total Material
         Flux                                 8.93885e-05 +/- 3.12243e-07
     Incoming Energy [52475, 56562)
       Total Material
         Flux                                 6.11011e-05 +/- 3.19205e-07
     Incoming Energy [56562, 67380)
       Total Material
         Flux                                 0.000188451 +/- 6.92304e-07
     Incoming Energy [67380, 72024)
       Total Material
         Flux                                 0.000109804 +/- 3.44488e-07
     Incoming Energy [72024, 79499)
       Total Material
         Flux                                 0.000126595 +/- 6.65772e-07
     Incoming Energy [79499, 82503)
       Total Material
         Flux                                 0.000155096 +/- 4.05638e-07
     Incoming Energy [82503, 86517)
       Total Material
         Flux                                 2.49221e-05 +/- 1.50009e-07
     Incoming Energy [86517, 98036)
       Total Material
         Flux                                 0.00010423 +/- 2.78333e-07
     Incoming Energy [98036, 111090)
       Total Material
         Flux                                 0.000130824 +/- 8.31916e-07
     Incoming Energy [111090, 116790)
       Total Material
         Flux                                 0.000101701 +/- 4.01028e-07
     Incoming Energy [116790, 122770)
       Total Material
         Flux                                 0.000137742 +/- 6.30785e-07
     Incoming Energy [122770, 129070)
       Total Material
         Flux                                 0.000193385 +/- 6.79971e-07
     Incoming Energy [129070, 135690)
       Total Material
         Flux                                 0.000207401 +/- 4.7955e-07
     Incoming Energy [135690, 142640)
       Total Material
         Flux                                 0.00011109 +/- 4.46343e-07
     Incoming Energy [142640, 149960)
       Total Material
         Flux                                 2.81821e-05 +/- 3.57205e-07
     Incoming Energy [149960, 157640)
       Total Material
         Flux                                 6.77595e-05 +/- 6.06879e-07
     Incoming Energy [157640, 165730)
       Total Material
         Flux                                 7.03526e-05 +/- 4.12707e-07
     Incoming Energy [165730, 174220)
       Total Material
         Flux                                 8.19138e-05 +/- 4.73452e-07
     Incoming Energy [174220, 183160)
       Total Material
         Flux                                 0.000130927 +/- 5.91968e-07
     Incoming Energy [183160, 192550)
       Total Material
         Flux                                 6.36286e-05 +/- 5.95935e-07
     Incoming Energy [192550, 202420)
       Total Material
         Flux                                 4.43719e-05 +/- 1.97138e-07
     Incoming Energy [202420, 212800)
       Total Material
         Flux                                 6.57886e-05 +/- 4.04778e-07
     Incoming Energy [212800, 223710)
       Total Material
         Flux                                 9.52196e-05 +/- 5.27556e-07
     Incoming Energy [223710, 235180)
       Total Material
         Flux                                 8.54365e-05 +/- 6.02235e-07
     Incoming Energy [235180, 247240)
       Total Material
         Flux                                 9.29844e-05 +/- 4.82673e-07
     Incoming Energy [247240, 273240)
       Total Material
         Flux                                 0.000326742 +/- 1.10114e-06
     Incoming Energy [273240, 287250)
       Total Material
         Flux                                 8.12292e-05 +/- 8.20826e-07
     Incoming Energy [287250, 294520)
       Total Material
         Flux                                 6.22248e-05 +/- 5.22081e-07
     Incoming Energy [294520, 297210)
       Total Material
         Flux                                 3.27618e-05 +/- 2.32565e-07
     Incoming Energy [297210, 298490)
       Total Material
         Flux                                 1.79369e-05 +/- 1.20624e-07
     Incoming Energy [298490, 301970)
       Total Material
         Flux                                 5.62058e-05 +/- 2.91357e-07
     Incoming Energy [301970, 333730)
       Total Material
         Flux                                 0.000274903 +/- 7.97178e-07
     Incoming Energy [333730, 368830)
       Total Material
         Flux                                 0.000215842 +/- 5.59132e-07
     Incoming Energy [368830, 387740)
       Total Material
         Flux                                 9.73999e-05 +/- 4.11096e-07
     Incoming Energy [387740, 407620)
       Total Material
         Flux                                 3.43274e-05 +/- 2.27667e-07
     Incoming Energy [407620, 450490)
       Total Material
         Flux                                 8.50336e-05 +/- 4.46967e-07
     Incoming Energy [450490, 497870)
       Total Material
         Flux                                 0.000123048 +/- 6.39785e-07
     Incoming Energy [497870, 523400)
       Total Material
         Flux                                 7.33477e-05 +/- 4.95837e-07
     Incoming Energy [523400, 550230)
       Total Material
         Flux                                 7.76391e-05 +/- 3.49174e-07
     Incoming Energy [550230, 578440)
       Total Material
         Flux                                 8.99116e-05 +/- 4.28568e-07
     Incoming Energy [578440, 608100)
       Total Material
         Flux                                 0.000122333 +/- 3.20987e-07
     Incoming Energy [608100, 639280)
       Total Material
         Flux                                 6.77916e-05 +/- 4.63322e-07
     Incoming Energy [639280, 672060)
       Total Material
         Flux                                 5.8868e-05 +/- 3.03493e-07
     Incoming Energy [672060, 706510)
       Total Material
         Flux                                 4.78186e-05 +/- 2.22233e-07
     Incoming Energy [706510, 742740)
       Total Material
         Flux                                 2.72377e-05 +/- 1.91827e-07
     Incoming Energy [742740, 780820)
       Total Material
         Flux                                 1.66576e-05 +/- 1.95356e-07
     Incoming Energy [780820, 820850)
       Total Material
         Flux                                 1.93102e-05 +/- 1.31815e-07
     Incoming Energy [820850, 862940)
       Total Material
         Flux                                 2.39508e-05 +/- 1.90083e-07
     Incoming Energy [862940, 907180)
       Total Material
         Flux                                 1.87368e-05 +/- 1.85755e-07
     Incoming Energy [907180, 961670)
       Total Material
         Flux                                 2.75564e-05 +/- 1.4137e-07
     Incoming Energy [961670, 1002600)
       Total Material
         Flux                                 8.98675e-06 +/- 1.10977e-07
     Incoming Energy [1002600, 1108000)
       Total Material
         Flux                                 2.50027e-05 +/- 1.8875e-07
     Incoming Energy [1108000, 1164800)
       Total Material
         Flux                                 1.08074e-05 +/- 1.38241e-07
     Incoming Energy [1164800, 1224600)
       Total Material
         Flux                                 1.04744e-05 +/- 1.54439e-07
     Incoming Energy [1224600, 1287400)
       Total Material
         Flux                                 5.01833e-06 +/- 1.19272e-07
     Incoming Energy [1287400, 1353400)
       Total Material
         Flux                                 4.91228e-06 +/- 9.544e-08
     Incoming Energy [1353400, 1422700)
       Total Material
         Flux                                 4.82494e-06 +/- 1.02001e-07
     Incoming Energy [1422700, 1495700)
       Total Material
         Flux                                 2.79223e-06 +/- 3.50573e-08
     Incoming Energy [1495700, 1572400)
       Total Material
         Flux                                 2.94003e-06 +/- 1.02893e-07
     Incoming Energy [1572400, 1653000)
       Total Material
         Flux                                 2.94266e-06 +/- 7.56394e-08
     Incoming Energy [1653000, 1737700)
       Total Material
         Flux                                 2.83276e-06 +/- 7.85587e-08
     Incoming Energy [1737700, 1826800)
       Total Material
         Flux                                 2.47385e-06 +/- 7.91259e-08
     Incoming Energy [1826800, 1920500)
       Total Material
         Flux                                 1.7804e-06 +/- 4.04939e-08
     Incoming Energy [1920500, 2019000)
       Total Material
         Flux                                 1.55866e-06 +/- 5.02981e-08
     Incoming Energy [2019000, 2122500)
       Total Material
         Flux                                 1.39909e-06 +/- 6.47159e-08
     Incoming Energy [2122500, 2231300)
       Total Material
         Flux                                 1.30459e-06 +/- 4.04576e-08
     Incoming Energy [2231300, 2306900)
       Total Material
         Flux                                 7.81973e-07 +/- 3.34335e-08
     Incoming Energy [2306900, 2345700)
       Total Material
         Flux                                 3.78911e-07 +/- 1.96437e-08
     Incoming Energy [2345700, 2365300)
       Total Material
         Flux                                 2.06981e-07 +/- 1.6106e-08
     Incoming Energy [2365300, 2385100)
       Total Material
         Flux                                 2.27504e-07 +/- 1.77307e-08
     Incoming Energy [2385100, 2466000)
       Total Material
         Flux                                 6.42618e-07 +/- 3.77922e-08
     Incoming Energy [2466000, 2592400)
       Total Material
         Flux                                 7.30003e-07 +/- 4.07558e-08
     Incoming Energy [2592400, 2725300)
       Total Material
         Flux                                 8.83788e-07 +/- 4.72474e-08
     Incoming Energy [2725300, 2865000)
       Total Material
         Flux                                 6.65588e-07 +/- 2.44425e-08
     Incoming Energy [2865000, 3011900)
       Total Material
         Flux                                 6.97117e-07 +/- 4.53712e-08
     Incoming Energy [3011900, 3166400)
       Total Material
         Flux                                 5.55845e-07 +/- 3.91489e-08
     Incoming Energy [3166400, 3328700)
       Total Material
         Flux                                 5.849e-07 +/- 2.42859e-08
     Incoming Energy [3328700, 3678800)
       Total Material
         Flux                                 9.13552e-07 +/- 4.45679e-08
     Incoming Energy [3678800, 4065700)
       Total Material
         Flux                                 6.47415e-07 +/- 2.95507e-08
     Incoming Energy [4065700, 4493300)
       Total Material
         Flux                                 6.73232e-07 +/- 2.57346e-08
     Incoming Energy [4493300, 4723700)
       Total Material
         Flux                                 2.90438e-07 +/- 3.02488e-08
     Incoming Energy [4723700, 4965800)
       Total Material
         Flux                                 2.95914e-07 +/- 1.7887e-08
     Incoming Energy [4965800, 5220500)
       Total Material
         Flux                                 2.93367e-07 +/- 2.63638e-08
     Incoming Energy [5220500, 5488100)
       Total Material
         Flux                                 2.40613e-07 +/- 2.25012e-08
     Incoming Energy [5488100, 5769500)
       Total Material
         Flux                                 3.55581e-07 +/- 5.06952e-08
     Incoming Energy [5769500, 6065300)
       Total Material
         Flux                                 1.97366e-07 +/- 1.48654e-08
     Incoming Energy [6065300, 6376300)
       Total Material
         Flux                                 2.65419e-07 +/- 3.10814e-08
     Incoming Energy [6376300, 6592400)
       Total Material
         Flux                                 1.70711e-07 +/- 1.12725e-08
     Incoming Energy [6592400, 6703200)
       Total Material
         Flux                                 1.06126e-07 +/- 1.79946e-08
     Incoming Energy [6703200, 7046900)
       Total Material
         Flux                                 2.79111e-07 +/- 1.9134e-08
     Incoming Energy [7046900, 7408200)
       Total Material
         Flux                                 2.86036e-07 +/- 1.7837e-08
     Incoming Energy [7408200, 7788000)
       Total Material
         Flux                                 3.50159e-07 +/- 1.88273e-08
     Incoming Energy [7788000, 8187300)
       Total Material
         Flux                                 2.92218e-07 +/- 1.67167e-08
     Incoming Energy [8187300, 8607100)
       Total Material
         Flux                                 3.41099e-07 +/- 1.02958e-08
     Incoming Energy [8607100, 9048400)
       Total Material
         Flux                                 4.01696e-07 +/- 1.74396e-08
     Incoming Energy [9048400, 9512300)
       Total Material
         Flux                                 4.03368e-07 +/- 2.17674e-08
     Incoming Energy [9512300, 10000000)
       Total Material
         Flux                                 5.4132e-07 +/- 2.49395e-08
     Incoming Energy [10000000, 10513000)
       Total Material
         Flux                                 7.83049e-07 +/- 2.45371e-08
     Incoming Energy [10513000, 11052000)
       Total Material
         Flux                                 8.96619e-07 +/- 4.35365e-08
     Incoming Energy [11052000, 11618000)
       Total Material
         Flux                                 9.40679e-07 +/- 4.0875e-08
     Incoming Energy [11618000, 12214000)
       Total Material
         Flux                                 1.02203e-06 +/- 3.25939e-08
     Incoming Energy [12214000, 12523000)
       Total Material
         Flux                                 4.77958e-07 +/- 2.9027e-08
     Incoming Energy [12523000, 12840000)
       Total Material
         Flux                                 4.83528e-07 +/- 1.86782e-08
     Incoming Energy [12840000, 13499000)
       Total Material
         Flux                                 1.00776e-06 +/- 3.18038e-08
     Incoming Energy [13499000, 13840000)
       Total Material
         Flux                                 4.43304e-07 +/- 1.50411e-08
     Incoming Energy [13840000, 14191000)
       Total Material
         Flux                                 8.38809e-08 +/- 7.3045e-09
     Incoming Energy [14191000, 14550000)
       Total Material
         Flux                                 0 +/- 0
     Incoming Energy [14550000, 14918000)
       Total Material
         Flux                                 0 +/- 0
     Incoming Energy [14918000, 15683000)
       Total Material
         Flux                                 0 +/- 0
     Incoming Energy [15683000, 16487000)
       Total Material
         Flux                                 0 +/- 0
     Incoming Energy [16487000, 16905000)
       Total Material
         Flux                                 0 +/- 0
     Incoming Energy [16905000, 17332000)
       Total Material
         Flux                                 0 +/- 0
     Incoming Energy [17332000, 19640000)
       Total Material
         Flux                                 0 +/- 0
 =========>     TALLY 22: GAMMA FLUX AT THE EXTERNAL SURFACE     <==========

 Cell 3
   Particle: photon
     Incoming Energy [1e-05, 10000)
       Total Material
         Flux                                 7.3751e-09 +/- 2.8853e-09
     Incoming Energy [10000, 100000)
       Total Material
         Flux                                 3.188e-06 +/- 6.88666e-08
     Incoming Energy [100000, 1000000)
       Total Material
         Flux                                 0.00026949 +/- 6.99951e-07
     Incoming Energy [1000000, 5000000)
       Total Material
         Flux                                 0.00015452 +/- 5.35467e-07
     Incoming Energy [5000000, 20000000)
       Total Material
         Flux                                 5.93499e-05 +/- 2.85321e-07
 >     TALLY 32: GAMMA FLUX AT THE EXTERNAL SURFACE [FINE@FISPACT MANUAL 24 GROUP STRUCTURE]     <

 Cell 3
   Particle: photon
     Incoming Energy [1e-05, 10000)
       Total Material
         Flux                                 7.3751e-09 +/- 2.8853e-09
     Incoming Energy [10000, 20000)
       Total Material
         Flux                                 1.14432e-08 +/- 4.47539e-09
     Incoming Energy [20000, 50000)
       Total Material
         Flux                                 1.75838e-07 +/- 2.13512e-08
     Incoming Energy [50000, 100000)
       Total Material
         Flux                                 3.00072e-06 +/- 6.73377e-08
     Incoming Energy [100000, 200000)
       Total Material
         Flux                                 4.20451e-05 +/- 4.26278e-07
     Incoming Energy [200000, 300000)
       Total Material
         Flux                                 5.00984e-05 +/- 4.43032e-07
     Incoming Energy [300000, 400000)
       Total Material
         Flux                                 4.12623e-05 +/- 3.50912e-07
     Incoming Energy [400000, 600000)
       Total Material
         Flux                                 7.24129e-05 +/- 4.33039e-07
     Incoming Energy [600000, 800000)
       Total Material
         Flux                                 3.45823e-05 +/- 1.76296e-07
     Incoming Energy [800000, 1000000)
       Total Material
         Flux                                 2.90892e-05 +/- 1.90341e-07
     Incoming Energy [1000000, 1220000)
       Total Material
         Flux                                 1.88774e-05 +/- 2.07075e-07
     Incoming Energy [1220000, 1440000)
       Total Material
         Flux                                 1.65488e-05 +/- 2.13195e-07
     Incoming Energy [1440000, 1660000)
       Total Material
         Flux                                 1.34694e-05 +/- 1.52122e-07
     Incoming Energy [1660000, 2000000)
       Total Material
         Flux                                 1.95678e-05 +/- 1.76966e-07
     Incoming Energy [2000000, 2500000)
       Total Material
         Flux                                 2.16617e-05 +/- 1.26751e-07
     Incoming Energy [2500000, 3000000)
       Total Material
         Flux                                 1.73986e-05 +/- 1.5793e-07
     Incoming Energy [3000000, 4000000)
       Total Material
         Flux                                 2.7115e-05 +/- 2.61975e-07
     Incoming Energy [4000000, 5000000)
       Total Material
         Flux                                 1.98812e-05 +/- 1.97388e-07
     Incoming Energy [5000000, 6500000)
       Total Material
         Flux                                 2.59472e-05 +/- 2.39655e-07
     Incoming Energy [6500000, 8000000)
       Total Material
         Flux                                 2.38022e-05 +/- 1.69962e-07
     Incoming Energy [8000000, 10000000)
       Total Material
         Flux                                 9.47446e-06 +/- 1.10698e-07
     Incoming Energy [10000000, 12000000)
       Total Material
         Flux                                 1.26014e-07 +/- 1.60586e-08
     Incoming Energy [12000000, 14000000)
       Total Material
         Flux                                 0 +/- 0
     Incoming Energy [14000000, 20000000)
       Total Material
         Flux                                 0 +/- 0
 ==================>     TALLY 6: NEUTRON HEATING F6     <==================

 Cell 2
   Particle: neutron
     Total Material
       heating                              851688 +/- 293.219
 ==================>     TALLY 46: GAMMA HEATING F6     <===================

 Cell 2
   Particle: photon
     Total Material
       heating                              383986 +/- 272.104
 ================>     TALLY 461: POSITRON HEATING F6     <=================

 Cell 2
   Particle: positron
     Total Material
       heating                              339465 +/- 281.379
 ================>     TALLY 462: ELECTRON HEATING F6     <=================

 Cell 2
   Particle: electron
     Total Material
       heating                              6.88538e+06 +/- 2199.13
 >     TALLY 12: NEUTRON FLUX AT THE EXTERNAL SURFACE IN COURSE ENERGY GROUPS     <

 Cell 3
   Particle: neutron
     Incoming Energy [1e-05, 1)
       Total Material
         Flux                                 2.96707e-06 +/- 7.45211e-08
     Incoming Energy [1, 100000)
       Total Material
         Flux                                 0.00256619 +/- 2.70305e-06
     Incoming Energy [100000, 1000000)
       Total Material
         Flux                                 0.00378687 +/- 3.22013e-06
     Incoming Energy [1000000, 10000000)
       Total Material
         Flux                                 9.51335e-05 +/- 4.2306e-07
     Incoming Energy [10000000, 20000000)
       Total Material
         Flux                                 6.1388e-06 +/- 8.03389e-08
