 ======>     TALLY 1: NEUTRON TALLY NE213 SCINTILLATOR DETECTOR     <=======

 Cell 601
   Particle: neutron
     Incoming Energy [0, 1110000)
       Total Material
         Flux                                 0.0954822 +/- 8.38214e-05
     Incoming Energy [1110000, 1180000)
       Total Material
         Flux                                 0.000993409 +/- 6.7166e-06
     Incoming Energy [1180000, 1250000)
       Total Material
         Flux                                 0.000880608 +/- 4.80606e-06
     Incoming Energy [1250000, 1320000)
       Total Material
         Flux                                 0.000776134 +/- 7.59037e-06
     Incoming Energy [1320000, 1390000)
       Total Material
         Flux                                 0.000695343 +/- 4.87835e-06
     Incoming Energy [1390000, 1470000)
       Total Material
         Flux                                 0.000713271 +/- 3.62767e-06
     Incoming Energy [1470000, 1540000)
       Total Material
         Flux                                 0.000566157 +/- 1.74739e-06
     Incoming Energy [1540000, 1620000)
       Total Material
         Flux                                 0.000574418 +/- 4.04702e-06
     Incoming Energy [1620000, 1690000)
       Total Material
         Flux                                 0.000455345 +/- 3.22085e-06
     Incoming Energy [1690000, 1770000)
       Total Material
         Flux                                 0.000480898 +/- 3.68366e-06
     Incoming Energy [1770000, 1850000)
       Total Material
         Flux                                 0.000437523 +/- 5.2018e-06
     Incoming Energy [1850000, 1920000)
       Total Material
         Flux                                 0.000348406 +/- 3.49624e-06
     Incoming Energy [1920000, 2000000)
       Total Material
         Flux                                 0.000374943 +/- 3.13466e-06
     Incoming Energy [2000000, 2080000)
       Total Material
         Flux                                 0.000340022 +/- 2.0909e-06
     Incoming Energy [2080000, 2160000)
       Total Material
         Flux                                 0.000313529 +/- 2.1124e-06
     Incoming Energy [2160000, 2240000)
       Total Material
         Flux                                 0.000293447 +/- 3.04563e-06
     Incoming Energy [2240000, 2320000)
       Total Material
         Flux                                 0.000271433 +/- 2.43866e-06
     Incoming Energy [2320000, 2400000)
       Total Material
         Flux                                 0.000256312 +/- 3.75273e-06
     Incoming Energy [2400000, 2480000)
       Total Material
         Flux                                 0.000238752 +/- 2.46288e-06
     Incoming Energy [2480000, 2560000)
       Total Material
         Flux                                 0.000223628 +/- 2.25851e-06
     Incoming Energy [2560000, 2640000)
       Total Material
         Flux                                 0.000210296 +/- 2.85153e-06
     Incoming Energy [2640000, 2720000)
       Total Material
         Flux                                 0.000193863 +/- 2.52148e-06
     Incoming Energy [2720000, 2810000)
       Total Material
         Flux                                 0.000197193 +/- 1.74491e-06
     Incoming Energy [2810000, 2890000)
       Total Material
         Flux                                 0.000165912 +/- 2.91681e-06
     Incoming Energy [2890000, 2970000)
       Total Material
         Flux                                 0.000147749 +/- 1.81159e-06
     Incoming Energy [2970000, 3060000)
       Total Material
         Flux                                 0.000171696 +/- 2.10989e-06
     Incoming Energy [3060000, 3140000)
       Total Material
         Flux                                 0.000141362 +/- 3.12774e-06
     Incoming Energy [3140000, 3230000)
       Total Material
         Flux                                 0.000145463 +/- 1.87837e-06
     Incoming Energy [3230000, 3310000)
       Total Material
         Flux                                 0.00012269 +/- 1.73875e-06
     Incoming Energy [3310000, 3400000)
       Total Material
         Flux                                 0.000130742 +/- 1.5244e-06
     Incoming Energy [3400000, 3490000)
       Total Material
         Flux                                 0.000120907 +/- 1.80538e-06
     Incoming Energy [3490000, 3580000)
       Total Material
         Flux                                 0.000113714 +/- 1.24814e-06
     Incoming Energy [3580000, 3660000)
       Total Material
         Flux                                 9.37917e-05 +/- 1.92407e-06
     Incoming Energy [3660000, 3750000)
       Total Material
         Flux                                 0.000101317 +/- 2.27243e-06
     Incoming Energy [3750000, 3840000)
       Total Material
         Flux                                 9.63702e-05 +/- 8.66624e-07
     Incoming Energy [3840000, 3930000)
       Total Material
         Flux                                 9.1136e-05 +/- 1.40057e-06
     Incoming Energy [3930000, 4020000)
       Total Material
         Flux                                 8.83785e-05 +/- 2.20037e-06
     Incoming Energy [4020000, 4110000)
       Total Material
         Flux                                 8.48094e-05 +/- 1.08529e-06
     Incoming Energy [4110000, 4200000)
       Total Material
         Flux                                 8.33354e-05 +/- 1.62259e-06
     Incoming Energy [4200000, 4290000)
       Total Material
         Flux                                 7.45515e-05 +/- 1.43749e-06
     Incoming Energy [4290000, 4380000)
       Total Material
         Flux                                 7.21671e-05 +/- 1.08976e-06
     Incoming Energy [4380000, 4470000)
       Total Material
         Flux                                 7.15767e-05 +/- 1.15878e-06
     Incoming Energy [4470000, 4570000)
       Total Material
         Flux                                 7.42094e-05 +/- 1.62946e-06
     Incoming Energy [4570000, 4660000)
       Total Material
         Flux                                 6.19676e-05 +/- 1.332e-06
     Incoming Energy [4660000, 4750000)
       Total Material
         Flux                                 6.43483e-05 +/- 2.46215e-06
     Incoming Energy [4750000, 4850000)
       Total Material
         Flux                                 6.50629e-05 +/- 1.52544e-06
     Incoming Energy [4850000, 4940000)
       Total Material
         Flux                                 5.52392e-05 +/- 1.3685e-06
     Incoming Energy [4940000, 5030000)
       Total Material
         Flux                                 5.36522e-05 +/- 1.12224e-06
     Incoming Energy [5030000, 5130000)
       Total Material
         Flux                                 6.00778e-05 +/- 1.93795e-06
     Incoming Energy [5130000, 5220000)
       Total Material
         Flux                                 5.05242e-05 +/- 9.80369e-07
     Incoming Energy [5220000, 5320000)
       Total Material
         Flux                                 5.42506e-05 +/- 1.05944e-06
     Incoming Energy [5320000, 5420000)
       Total Material
         Flux                                 5.10963e-05 +/- 8.62632e-07
     Incoming Energy [5420000, 5510000)
       Total Material
         Flux                                 4.53563e-05 +/- 1.17839e-06
     Incoming Energy [5510000, 5610000)
       Total Material
         Flux                                 4.91179e-05 +/- 1.51175e-06
     Incoming Energy [5610000, 5710000)
       Total Material
         Flux                                 4.89132e-05 +/- 7.38187e-07
     Incoming Energy [5710000, 5810000)
       Total Material
         Flux                                 4.43767e-05 +/- 8.92418e-07
     Incoming Energy [5810000, 5900000)
       Total Material
         Flux                                 3.81514e-05 +/- 1.16612e-06
     Incoming Energy [5900000, 6000000)
       Total Material
         Flux                                 4.55833e-05 +/- 1.65734e-06
     Incoming Energy [6000000, 6100000)
       Total Material
         Flux                                 4.24036e-05 +/- 1.4036e-06
     Incoming Energy [6100000, 6200000)
       Total Material
         Flux                                 3.97667e-05 +/- 1.31072e-06
     Incoming Energy [6200000, 6300000)
       Total Material
         Flux                                 3.96736e-05 +/- 1.15073e-06
     Incoming Energy [6300000, 6400000)
       Total Material
         Flux                                 3.77407e-05 +/- 1.16016e-06
     Incoming Energy [6400000, 6500000)
       Total Material
         Flux                                 3.8872e-05 +/- 7.75763e-07
     Incoming Energy [6500000, 6600000)
       Total Material
         Flux                                 4.09493e-05 +/- 1.27983e-06
     Incoming Energy [6600000, 6700000)
       Total Material
         Flux                                 3.91154e-05 +/- 8.10661e-07
     Incoming Energy [6700000, 6810000)
       Total Material
         Flux                                 4.28332e-05 +/- 1.20469e-06
     Incoming Energy [6810000, 6910000)
       Total Material
         Flux                                 3.9566e-05 +/- 1.285e-06
     Incoming Energy [6910000, 7010000)
       Total Material
         Flux                                 4.18673e-05 +/- 1.00918e-06
     Incoming Energy [7010000, 7110000)
       Total Material
         Flux                                 4.09942e-05 +/- 1.18915e-06
     Incoming Energy [7110000, 7220000)
       Total Material
         Flux                                 4.25004e-05 +/- 1.15521e-06
     Incoming Energy [7220000, 7320000)
       Total Material
         Flux                                 3.53312e-05 +/- 7.73141e-07
     Incoming Energy [7320000, 7420000)
       Total Material
         Flux                                 3.41801e-05 +/- 7.59868e-07
     Incoming Energy [7420000, 7530000)
       Total Material
         Flux                                 3.86473e-05 +/- 9.84084e-07
     Incoming Energy [7530000, 7630000)
       Total Material
         Flux                                 3.24485e-05 +/- 1.07296e-06
     Incoming Energy [7630000, 7740000)
       Total Material
         Flux                                 3.73412e-05 +/- 9.9189e-07
     Incoming Energy [7740000, 7840000)
       Total Material
         Flux                                 3.21508e-05 +/- 7.8229e-07
     Incoming Energy [7840000, 7950000)
       Total Material
         Flux                                 3.52809e-05 +/- 1.01866e-06
     Incoming Energy [7950000, 8060000)
       Total Material
         Flux                                 3.61907e-05 +/- 7.28271e-07
     Incoming Energy [8060000, 8160000)
       Total Material
         Flux                                 3.2335e-05 +/- 1.0366e-06
     Incoming Energy [8160000, 8270000)
       Total Material
         Flux                                 3.31344e-05 +/- 1.25925e-06
     Incoming Energy [8270000, 8380000)
       Total Material
         Flux                                 3.67749e-05 +/- 1.03691e-06
     Incoming Energy [8380000, 8490000)
       Total Material
         Flux                                 3.53805e-05 +/- 7.13391e-07
     Incoming Energy [8490000, 8590000)
       Total Material
         Flux                                 3.14138e-05 +/- 9.78628e-07
     Incoming Energy [8590000, 8700000)
       Total Material
         Flux                                 3.49503e-05 +/- 7.87738e-07
     Incoming Energy [8700000, 8810000)
       Total Material
         Flux                                 3.491e-05 +/- 8.91297e-07
     Incoming Energy [8810000, 8920000)
       Total Material
         Flux                                 3.69168e-05 +/- 9.37834e-07
     Incoming Energy [8920000, 9030000)
       Total Material
         Flux                                 3.69443e-05 +/- 8.84854e-07
     Incoming Energy [9030000, 9140000)
       Total Material
         Flux                                 3.57402e-05 +/- 1.11984e-06
     Incoming Energy [9140000, 9250000)
       Total Material
         Flux                                 4.05093e-05 +/- 1.0283e-06
     Incoming Energy [9250000, 9360000)
       Total Material
         Flux                                 3.86791e-05 +/- 7.5557e-07
     Incoming Energy [9360000, 9470000)
       Total Material
         Flux                                 4.02473e-05 +/- 8.49289e-07
     Incoming Energy [9470000, 9590000)
       Total Material
         Flux                                 4.56978e-05 +/- 1.11034e-06
     Incoming Energy [9590000, 9700000)
       Total Material
         Flux                                 4.25172e-05 +/- 1.08581e-06
     Incoming Energy [9700000, 9810000)
       Total Material
         Flux                                 4.16206e-05 +/- 1.01117e-06
     Incoming Energy [9810000, 9920000)
       Total Material
         Flux                                 4.41192e-05 +/- 8.37518e-07
     Incoming Energy [9920000, 10000000)
       Total Material
         Flux                                 3.10413e-05 +/- 8.99761e-07
     Incoming Energy [10000000, 10100000)
       Total Material
         Flux                                 3.63168e-05 +/- 8.12592e-07
     Incoming Energy [10100000, 10300000)
       Total Material
         Flux                                 6.96432e-05 +/- 1.27354e-06
     Incoming Energy [10300000, 10400000)
       Total Material
         Flux                                 3.33109e-05 +/- 7.68248e-07
     Incoming Energy [10400000, 10500000)
       Total Material
         Flux                                 3.38762e-05 +/- 7.29902e-07
     Incoming Energy [10500000, 10600000)
       Total Material
         Flux                                 3.35251e-05 +/- 1.44469e-06
     Incoming Energy [10600000, 10700000)
       Total Material
         Flux                                 3.60532e-05 +/- 8.25985e-07
     Incoming Energy [10700000, 10800000)
       Total Material
         Flux                                 3.5266e-05 +/- 7.45776e-07
     Incoming Energy [10800000, 11000000)
       Total Material
         Flux                                 6.64325e-05 +/- 1.29999e-06
     Incoming Energy [11000000, 11100000)
       Total Material
         Flux                                 3.45798e-05 +/- 1.20589e-06
     Incoming Energy [11100000, 11200000)
       Total Material
         Flux                                 3.20865e-05 +/- 9.56221e-07
     Incoming Energy [11200000, 11300000)
       Total Material
         Flux                                 3.19239e-05 +/- 9.65861e-07
     Incoming Energy [11300000, 11400000)
       Total Material
         Flux                                 3.29034e-05 +/- 9.66525e-07
     Incoming Energy [11400000, 11500000)
       Total Material
         Flux                                 3.2788e-05 +/- 9.9955e-07
     Incoming Energy [11500000, 11700000)
       Total Material
         Flux                                 6.80031e-05 +/- 7.42882e-07
     Incoming Energy [11700000, 11800000)
       Total Material
         Flux                                 3.61621e-05 +/- 7.67931e-07
     Incoming Energy [11800000, 11900000)
       Total Material
         Flux                                 3.43564e-05 +/- 6.14009e-07
     Incoming Energy [11900000, 12000000)
       Total Material
         Flux                                 3.55223e-05 +/- 6.35921e-07
     Incoming Energy [12000000, 12100000)
       Total Material
         Flux                                 3.58897e-05 +/- 1.13324e-06
     Incoming Energy [12100000, 12200000)
       Total Material
         Flux                                 3.54885e-05 +/- 8.14274e-07
     Incoming Energy [12200000, 12400000)
       Total Material
         Flux                                 7.18105e-05 +/- 1.49305e-06
     Incoming Energy [12400000, 12500000)
       Total Material
         Flux                                 3.70931e-05 +/- 1.18665e-06
     Incoming Energy [12500000, 12600000)
       Total Material
         Flux                                 3.83621e-05 +/- 1.14969e-06
     Incoming Energy [12600000, 12700000)
       Total Material
         Flux                                 3.72007e-05 +/- 9.22146e-07
     Incoming Energy [12700000, 12900000)
       Total Material
         Flux                                 7.75482e-05 +/- 1.51e-06
     Incoming Energy [12900000, 13000000)
       Total Material
         Flux                                 3.85844e-05 +/- 9.7099e-07
     Incoming Energy [13000000, 13100000)
       Total Material
         Flux                                 3.74162e-05 +/- 8.66445e-07
     Incoming Energy [13100000, 13200000)
       Total Material
         Flux                                 3.81661e-05 +/- 9.79319e-07
     Incoming Energy [13200000, 13300000)
       Total Material
         Flux                                 3.80256e-05 +/- 3.3637e-07
     Incoming Energy [13300000, 13500000)
       Total Material
         Flux                                 7.94043e-05 +/- 9.72986e-07
     Incoming Energy [13500000, 13600000)
       Total Material
         Flux                                 4.52363e-05 +/- 9.6561e-07
     Incoming Energy [13600000, 13700000)
       Total Material
         Flux                                 4.70462e-05 +/- 1.40614e-06
     Incoming Energy [13700000, 13800000)
       Total Material
         Flux                                 5.3007e-05 +/- 1.56358e-06
     Incoming Energy [13800000, 14000000)
       Total Material
         Flux                                 0.000133485 +/- 1.24185e-06
     Incoming Energy [14000000, 14100000)
       Total Material
         Flux                                 9.45952e-05 +/- 1.65548e-06
     Incoming Energy [14100000, 14200000)
       Total Material
         Flux                                 0.000141988 +/- 1.16717e-06
     Incoming Energy [14200000, 14300000)
       Total Material
         Flux                                 0.000283025 +/- 2.82748e-06
     Incoming Energy [14300000, 14500000)
       Total Material
         Flux                                 0.00199144 +/- 8.36898e-06
     Incoming Energy [14500000, 14600000)
       Total Material
         Flux                                 0.00231175 +/- 6.97362e-06
     Incoming Energy [14600000, 14700000)
       Total Material
         Flux                                 0.00315836 +/- 8.74489e-06
     Incoming Energy [14700000, 14800000)
       Total Material
         Flux                                 0.00330483 +/- 1.25258e-05
     Incoming Energy [14800000, 15000000)
       Total Material
         Flux                                 0.00478056 +/- 7.50905e-06
     Incoming Energy [15000000, 15100000)
       Total Material
         Flux                                 0.00148965 +/- 5.00259e-06
     Incoming Energy [15100000, 15200000)
       Total Material
         Flux                                 0.00110544 +/- 5.04683e-06
     Incoming Energy [15200000, 15400000)
       Total Material
         Flux                                 0.000432579 +/- 3.94952e-06
     Incoming Energy [15400000, 15500000)
       Total Material
         Flux                                 0 +/- 0
     Incoming Energy [15500000, 15600000)
       Total Material
         Flux                                 0 +/- 0
     Incoming Energy [15600000, 15700000)
       Total Material
         Flux                                 0 +/- 0
 =======>     TALLY 2: PHOTON TALLY NE213 SCINTILLATOR DETECTOR     <=======

 Cell 601
   Particle: photon
     Incoming Energy [0, 413000)
       Total Material
         Flux                                 0.00450258 +/- 1.06359e-05
     Incoming Energy [413000, 433000)
       Total Material
         Flux                                 0.000332375 +/- 2.62698e-06
     Incoming Energy [433000, 453000)
       Total Material
         Flux                                 0.000326876 +/- 3.11082e-06
     Incoming Energy [453000, 473000)
       Total Material
         Flux                                 0.000326347 +/- 2.20541e-06
     Incoming Energy [473000, 495000)
       Total Material
         Flux                                 0.000361926 +/- 3.29824e-06
     Incoming Energy [495000, 517000)
       Total Material
         Flux                                 0.0018222 +/- 8.61013e-06
     Incoming Energy [517000, 538000)
       Total Material
         Flux                                 0.000279812 +/- 4.07575e-06
     Incoming Energy [538000, 562000)
       Total Material
         Flux                                 0.00030517 +/- 2.42516e-06
     Incoming Energy [562000, 585000)
       Total Material
         Flux                                 0.000274335 +/- 3.26611e-06
     Incoming Energy [585000, 609000)
       Total Material
         Flux                                 0.000300331 +/- 2.63442e-06
     Incoming Energy [609000, 632000)
       Total Material
         Flux                                 0.000304005 +/- 4.02528e-06
     Incoming Energy [632000, 657000)
       Total Material
         Flux                                 0.000289302 +/- 2.89419e-06
     Incoming Energy [657000, 683000)
       Total Material
         Flux                                 0.000296338 +/- 2.32824e-06
     Incoming Energy [683000, 709000)
       Total Material
         Flux                                 0.000289384 +/- 3.50656e-06
     Incoming Energy [709000, 735000)
       Total Material
         Flux                                 0.000302611 +/- 2.88112e-06
     Incoming Energy [735000, 761000)
       Total Material
         Flux                                 0.00034821 +/- 3.47802e-06
     Incoming Energy [761000, 789000)
       Total Material
         Flux                                 0.000318014 +/- 2.61581e-06
     Incoming Energy [789000, 817000)
       Total Material
         Flux                                 0.000358682 +/- 3.45707e-06
     Incoming Energy [817000, 874000)
       Total Material
         Flux                                 0.000683498 +/- 5.12893e-06
     Incoming Energy [874000, 903000)
       Total Material
         Flux                                 0.000388228 +/- 3.64824e-06
     Incoming Energy [903000, 933000)
       Total Material
         Flux                                 0.000385572 +/- 3.1554e-06
     Incoming Energy [933000, 964000)
       Total Material
         Flux                                 0.000327971 +/- 2.9269e-06
     Incoming Energy [964000, 993000)
       Total Material
         Flux                                 0.000294313 +/- 1.98755e-06
     Incoming Energy [993000, 1030000)
       Total Material
         Flux                                 0.000402491 +/- 2.79856e-06
     Incoming Energy [1030000, 1060000)
       Total Material
         Flux                                 0.000314978 +/- 3.17079e-06
     Incoming Energy [1060000, 1090000)
       Total Material
         Flux                                 0.00030384 +/- 3.86303e-06
     Incoming Energy [1090000, 1120000)
       Total Material
         Flux                                 0.000306003 +/- 2.66984e-06
     Incoming Energy [1120000, 1160000)
       Total Material
         Flux                                 0.000430942 +/- 5.42314e-06
     Incoming Energy [1160000, 1190000)
       Total Material
         Flux                                 0.000301432 +/- 1.86103e-06
     Incoming Energy [1190000, 1230000)
       Total Material
         Flux                                 0.00039689 +/- 3.45728e-06
     Incoming Energy [1230000, 1260000)
       Total Material
         Flux                                 0.000305643 +/- 1.68377e-06
     Incoming Energy [1260000, 1300000)
       Total Material
         Flux                                 0.00038719 +/- 2.63321e-06
     Incoming Energy [1300000, 1340000)
       Total Material
         Flux                                 0.000399884 +/- 3.74072e-06
     Incoming Energy [1340000, 1370000)
       Total Material
         Flux                                 0.000278129 +/- 3.6898e-06
     Incoming Energy [1370000, 1410000)
       Total Material
         Flux                                 0.000364244 +/- 3.35074e-06
     Incoming Energy [1410000, 1450000)
       Total Material
         Flux                                 0.000363423 +/- 3.68682e-06
     Incoming Energy [1450000, 1490000)
       Total Material
         Flux                                 0.000380078 +/- 3.87775e-06
     Incoming Energy [1490000, 1530000)
       Total Material
         Flux                                 0.000336349 +/- 4.0346e-06
     Incoming Energy [1530000, 1570000)
       Total Material
         Flux                                 0.000324171 +/- 2.89731e-06
     Incoming Energy [1570000, 1610000)
       Total Material
         Flux                                 0.000321829 +/- 3.73581e-06
     Incoming Energy [1610000, 1650000)
       Total Material
         Flux                                 0.000312339 +/- 3.36731e-06
     Incoming Energy [1650000, 1690000)
       Total Material
         Flux                                 0.000306224 +/- 4.0508e-06
     Incoming Energy [1690000, 1730000)
       Total Material
         Flux                                 0.000306448 +/- 3.94724e-06
     Incoming Energy [1730000, 1780000)
       Total Material
         Flux                                 0.000376026 +/- 4.70346e-06
     Incoming Energy [1780000, 1820000)
       Total Material
         Flux                                 0.000299289 +/- 2.75479e-06
     Incoming Energy [1820000, 1860000)
       Total Material
         Flux                                 0.00028319 +/- 4.24802e-06
     Incoming Energy [1860000, 1910000)
       Total Material
         Flux                                 0.000352739 +/- 1.83405e-06
     Incoming Energy [1910000, 1960000)
       Total Material
         Flux                                 0.000338803 +/- 4.05646e-06
     Incoming Energy [1960000, 2000000)
       Total Material
         Flux                                 0.000264382 +/- 3.89718e-06
     Incoming Energy [2000000, 2050000)
       Total Material
         Flux                                 0.000322426 +/- 2.88024e-06
     Incoming Energy [2050000, 2100000)
       Total Material
         Flux                                 0.000319743 +/- 3.3748e-06
     Incoming Energy [2100000, 2140000)
       Total Material
         Flux                                 0.000251896 +/- 3.42367e-06
     Incoming Energy [2140000, 2190000)
       Total Material
         Flux                                 0.000299367 +/- 3.0677e-06
     Incoming Energy [2190000, 2240000)
       Total Material
         Flux                                 0.000437841 +/- 3.93098e-06
     Incoming Energy [2240000, 2290000)
       Total Material
         Flux                                 0.000276293 +/- 2.54386e-06
     Incoming Energy [2290000, 2340000)
       Total Material
         Flux                                 0.000270403 +/- 2.40444e-06
     Incoming Energy [2340000, 2400000)
       Total Material
         Flux                                 0.000312417 +/- 2.99558e-06
     Incoming Energy [2400000, 2450000)
       Total Material
         Flux                                 0.000250965 +/- 2.13091e-06
     Incoming Energy [2450000, 2500000)
       Total Material
         Flux                                 0.000243226 +/- 3.25922e-06
     Incoming Energy [2500000, 2560000)
       Total Material
         Flux                                 0.000283828 +/- 4.08959e-06
     Incoming Energy [2560000, 2610000)
       Total Material
         Flux                                 0.000227035 +/- 2.20448e-06
     Incoming Energy [2610000, 2660000)
       Total Material
         Flux                                 0.000217952 +/- 2.32431e-06
     Incoming Energy [2660000, 2720000)
       Total Material
         Flux                                 0.000247148 +/- 2.68666e-06
     Incoming Energy [2720000, 2780000)
       Total Material
         Flux                                 0.000241746 +/- 4.14429e-06
     Incoming Energy [2780000, 2830000)
       Total Material
         Flux                                 0.000191155 +/- 1.64488e-06
     Incoming Energy [2830000, 2890000)
       Total Material
         Flux                                 0.000219737 +/- 1.85721e-06
     Incoming Energy [2890000, 2950000)
       Total Material
         Flux                                 0.000210704 +/- 2.29487e-06
     Incoming Energy [2950000, 3010000)
       Total Material
         Flux                                 0.000201722 +/- 3.06626e-06
     Incoming Energy [3010000, 3070000)
       Total Material
         Flux                                 0.000200086 +/- 1.40709e-06
     Incoming Energy [3070000, 3130000)
       Total Material
         Flux                                 0.000190708 +/- 2.87112e-06
     Incoming Energy [3130000, 3190000)
       Total Material
         Flux                                 0.000176291 +/- 1.54008e-06
     Incoming Energy [3190000, 3250000)
       Total Material
         Flux                                 0.000170765 +/- 1.48241e-06
     Incoming Energy [3250000, 3320000)
       Total Material
         Flux                                 0.000189135 +/- 2.7783e-06
     Incoming Energy [3320000, 3380000)
       Total Material
         Flux                                 0.000148292 +/- 1.34544e-06
     Incoming Energy [3380000, 3450000)
       Total Material
         Flux                                 0.000169191 +/- 1.4959e-06
     Incoming Energy [3450000, 3510000)
       Total Material
         Flux                                 0.000136223 +/- 2.78054e-06
     Incoming Energy [3510000, 3580000)
       Total Material
         Flux                                 0.000153043 +/- 1.92248e-06
     Incoming Energy [3580000, 3650000)
       Total Material
         Flux                                 0.000139508 +/- 2.37153e-06
     Incoming Energy [3650000, 3710000)
       Total Material
         Flux                                 0.000116224 +/- 1.43431e-06
     Incoming Energy [3710000, 3780000)
       Total Material
         Flux                                 0.000121496 +/- 2.25152e-06
     Incoming Energy [3780000, 3850000)
       Total Material
         Flux                                 0.00011487 +/- 2.01198e-06
     Incoming Energy [3850000, 3920000)
       Total Material
         Flux                                 0.000109331 +/- 1.42187e-06
     Incoming Energy [3920000, 3990000)
       Total Material
         Flux                                 0.000100849 +/- 1.84772e-06
     Incoming Energy [3990000, 4060000)
       Total Material
         Flux                                 9.24439e-05 +/- 2.23813e-06
     Incoming Energy [4060000, 4140000)
       Total Material
         Flux                                 9.78274e-05 +/- 1.50747e-06
     Incoming Energy [4140000, 4210000)
       Total Material
         Flux                                 7.91032e-05 +/- 2.05868e-06
     Incoming Energy [4210000, 4290000)
       Total Material
         Flux                                 8.32889e-05 +/- 1.598e-06
     Incoming Energy [4290000, 4360000)
       Total Material
         Flux                                 7.54205e-05 +/- 1.67207e-06
     Incoming Energy [4360000, 4440000)
       Total Material
         Flux                                 0.000365233 +/- 2.91459e-06
     Incoming Energy [4440000, 4510000)
       Total Material
         Flux                                 6.54853e-05 +/- 1.54145e-06
     Incoming Energy [4510000, 4590000)
       Total Material
         Flux                                 6.19993e-05 +/- 1.30842e-06
     Incoming Energy [4590000, 4670000)
       Total Material
         Flux                                 8.94533e-05 +/- 1.15119e-06
     Incoming Energy [4670000, 4750000)
       Total Material
         Flux                                 6.41484e-05 +/- 1.3964e-06
     Incoming Energy [4750000, 4830000)
       Total Material
         Flux                                 3.92571e-05 +/- 1.14054e-06
     Incoming Energy [4830000, 4910000)
       Total Material
         Flux                                 3.75741e-05 +/- 1.32233e-06
     Incoming Energy [4910000, 5000000)
       Total Material
         Flux                                 3.69352e-05 +/- 1.15885e-06
     Incoming Energy [5000000, 5080000)
       Total Material
         Flux                                 2.71547e-05 +/- 4.94894e-07
     Incoming Energy [5080000, 5170000)
       Total Material
         Flux                                 2.96788e-05 +/- 1.1058e-06
     Incoming Energy [5170000, 5250000)
       Total Material
         Flux                                 2.22489e-05 +/- 6.76676e-07
     Incoming Energy [5250000, 5340000)
       Total Material
         Flux                                 6.14723e-05 +/- 1.0808e-06
     Incoming Energy [5340000, 5430000)
       Total Material
         Flux                                 1.665e-05 +/- 7.42539e-07
     Incoming Energy [5430000, 5510000)
       Total Material
         Flux                                 2.26698e-05 +/- 8.44375e-07
     Incoming Energy [5510000, 5600000)
       Total Material
         Flux                                 1.29434e-05 +/- 8.15399e-07
     Incoming Energy [5600000, 5690000)
       Total Material
         Flux                                 1.53593e-05 +/- 5.62145e-07
     Incoming Energy [5690000, 5790000)
       Total Material
         Flux                                 2.00978e-05 +/- 6.15014e-07
     Incoming Energy [5790000, 5880000)
       Total Material
         Flux                                 1.57674e-05 +/- 1.08264e-06
     Incoming Energy [5880000, 5970000)
       Total Material
         Flux                                 8.36231e-06 +/- 4.77143e-07
     Incoming Energy [5970000, 6070000)
       Total Material
         Flux                                 1.82922e-05 +/- 3.83344e-07
     Incoming Energy [6070000, 6160000)
       Total Material
         Flux                                 2.03205e-05 +/- 3.64267e-07
     Incoming Energy [6160000, 6260000)
       Total Material
         Flux                                 1.10843e-05 +/- 6.98328e-07
     Incoming Energy [6260000, 6360000)
       Total Material
         Flux                                 9.16188e-06 +/- 3.04725e-07
     Incoming Energy [6360000, 6460000)
       Total Material
         Flux                                 8.70848e-06 +/- 7.0026e-07
     Incoming Energy [6460000, 6550000)
       Total Material
         Flux                                 7.41692e-06 +/- 4.83539e-07
     Incoming Energy [6550000, 6660000)
       Total Material
         Flux                                 4.75105e-06 +/- 6.96379e-07
     Incoming Energy [6660000, 6760000)
       Total Material
         Flux                                 3.3519e-06 +/- 2.95331e-07
     Incoming Energy [6760000, 6860000)
       Total Material
         Flux                                 5.37866e-06 +/- 5.35433e-07
     Incoming Energy [6860000, 6970000)
       Total Material
         Flux                                 4.13674e-06 +/- 3.97129e-07
     Incoming Energy [6970000, 7070000)
       Total Material
         Flux                                 2.43955e-06 +/- 3.42451e-07
     Incoming Energy [7070000, 7180000)
       Total Material
         Flux                                 3.27491e-06 +/- 2.33346e-07
     Incoming Energy [7180000, 7280000)
       Total Material
         Flux                                 2.98212e-06 +/- 4.0288e-07
     Incoming Energy [7280000, 7390000)
       Total Material
         Flux                                 9.61412e-06 +/- 4.77612e-07
     Incoming Energy [7390000, 7500000)
       Total Material
         Flux                                 5.43396e-06 +/- 4.84645e-07
     Incoming Energy [7500000, 7620000)
       Total Material
         Flux                                 4.97104e-06 +/- 3.95616e-07
     Incoming Energy [7620000, 7730000)
       Total Material
         Flux                                 2.29681e-06 +/- 1.81161e-07
     Incoming Energy [7730000, 7840000)
       Total Material
         Flux                                 4.21203e-06 +/- 2.30927e-07
     Incoming Energy [7840000, 7960000)
       Total Material
         Flux                                 1.36639e-06 +/- 1.57707e-07
     Incoming Energy [7960000, 8070000)
       Total Material
         Flux                                 1.01628e-06 +/- 2.07766e-07
     Incoming Energy [8070000, 8190000)
       Total Material
         Flux                                 1.84089e-06 +/- 2.15793e-07
     Incoming Energy [8190000, 8310000)
       Total Material
         Flux                                 1.19769e-06 +/- 1.87621e-07
     Incoming Energy [8310000, 8430000)
       Total Material
         Flux                                 1.02554e-06 +/- 2.15322e-07
     Incoming Energy [8430000, 8550000)
       Total Material
         Flux                                 4.83088e-06 +/- 2.96179e-07
     Incoming Energy [8550000, 8670000)
       Total Material
         Flux                                 1.1265e-06 +/- 2.49055e-07
     Incoming Energy [8670000, 8790000)
       Total Material
         Flux                                 7.45218e-07 +/- 1.32755e-07
     Incoming Energy [8790000, 8920000)
       Total Material
         Flux                                 5.72784e-07 +/- 1.28e-07
     Incoming Energy [8920000, 9040000)
       Total Material
         Flux                                 7.82682e-06 +/- 2.87123e-07
     Incoming Energy [9040000, 9170000)
       Total Material
         Flux                                 2.19668e-06 +/- 2.01359e-07
     Incoming Energy [9170000, 9300000)
       Total Material
         Flux                                 6.53693e-07 +/- 1.30724e-07
     Incoming Energy [9300000, 9430000)
       Total Material
         Flux                                 5.06482e-07 +/- 1.04436e-07
