 >     TALLY 2: NEUTRON FLUX AT THE EXTERNAL SURFACE IN VITAMIN-J 175 ENERGY GROUPS     <

 Cell 3
   Particle: neutron
     Incoming Energy [1e-05, 0.1)
       Total Material
         Flux                                 1.89937e-07 +/- 6.66307e-08
     Incoming Energy [0.1, 0.41399)
       Total Material
         Flux                                 6.68143e-07 +/- 1.40045e-07
     Incoming Energy [0.41399, 0.53158)
       Total Material
         Flux                                 9.99604e-08 +/- 4.3746e-08
     Incoming Energy [0.53158, 0.68256)
       Total Material
         Flux                                 1.78363e-07 +/- 5.79165e-08
     Incoming Energy [0.68256, 0.87643)
       Total Material
         Flux                                 2.75225e-07 +/- 6.5836e-08
     Incoming Energy [0.87643, 1.1253)
       Total Material
         Flux                                 3.36828e-07 +/- 4.67192e-08
     Incoming Energy [1.1253, 1.445)
       Total Material
         Flux                                 5.71871e-07 +/- 7.03932e-08
     Incoming Energy [1.445, 1.8554)
       Total Material
         Flux                                 4.73964e-07 +/- 9.03578e-08
     Incoming Energy [1.8554, 2.3824)
       Total Material
         Flux                                 5.41768e-07 +/- 1.1007e-07
     Incoming Energy [2.3824, 3.059)
       Total Material
         Flux                                 7.78863e-07 +/- 1.12546e-07
     Incoming Energy [3.059, 3.9279)
       Total Material
         Flux                                 9.25104e-07 +/- 1.38269e-07
     Incoming Energy [3.9279, 5.0435)
       Total Material
         Flux                                 1.21852e-06 +/- 1.59813e-07
     Incoming Energy [5.0435, 6.4759)
       Total Material
         Flux                                 1.28623e-06 +/- 1.35312e-07
     Incoming Energy [6.4759, 8.3153)
       Total Material
         Flux                                 1.50713e-06 +/- 1.23843e-07
     Incoming Energy [8.3153, 10.677)
       Total Material
         Flux                                 2.01014e-06 +/- 2.09389e-07
     Incoming Energy [10.677, 13.71)
       Total Material
         Flux                                 2.39744e-06 +/- 1.36062e-07
     Incoming Energy [13.71, 17.604)
       Total Material
         Flux                                 2.75389e-06 +/- 1.67678e-07
     Incoming Energy [17.604, 22.603)
       Total Material
         Flux                                 4.08287e-06 +/- 2.77523e-07
     Incoming Energy [22.603, 29.023)
       Total Material
         Flux                                 4.20886e-06 +/- 2.36032e-07
     Incoming Energy [29.023, 37.266)
       Total Material
         Flux                                 5.80039e-06 +/- 5.2458e-07
     Incoming Energy [37.266, 47.851)
       Total Material
         Flux                                 6.53809e-06 +/- 2.89466e-07
     Incoming Energy [47.851, 61.442)
       Total Material
         Flux                                 8.92016e-06 +/- 4.17178e-07
     Incoming Energy [61.442, 78.893)
       Total Material
         Flux                                 9.86083e-06 +/- 3.14127e-07
     Incoming Energy [78.893, 101.3)
       Total Material
         Flux                                 1.27244e-05 +/- 7.86482e-07
     Incoming Energy [101.3, 130.07)
       Total Material
         Flux                                 1.50665e-05 +/- 6.31543e-07
     Incoming Energy [130.07, 167.02)
       Total Material
         Flux                                 1.79903e-05 +/- 6.7073e-07
     Incoming Energy [167.02, 214.45)
       Total Material
         Flux                                 2.25588e-05 +/- 6.39761e-07
     Incoming Energy [214.45, 275.36)
       Total Material
         Flux                                 2.5837e-05 +/- 9.76299e-07
     Incoming Energy [275.36, 353.58)
       Total Material
         Flux                                 3.19334e-05 +/- 4.9553e-07
     Incoming Energy [353.58, 454)
       Total Material
         Flux                                 3.90943e-05 +/- 8.77293e-07
     Incoming Energy [454, 582.95)
       Total Material
         Flux                                 4.70232e-05 +/- 1.37296e-06
     Incoming Energy [582.95, 748.52)
       Total Material
         Flux                                 5.65413e-05 +/- 9.97017e-07
     Incoming Energy [748.52, 961.12)
       Total Material
         Flux                                 6.65449e-05 +/- 1.46154e-06
     Incoming Energy [961.12, 1234.1)
       Total Material
         Flux                                 8.06069e-05 +/- 1.00617e-06
     Incoming Energy [1234.1, 1584.6)
       Total Material
         Flux                                 9.84204e-05 +/- 8.45499e-07
     Incoming Energy [1584.6, 2034.7)
       Total Material
         Flux                                 0.000116354 +/- 1.56582e-06
     Incoming Energy [2034.7, 2248.7)
       Total Material
         Flux                                 5.33342e-05 +/- 1.28944e-06
     Incoming Energy [2248.7, 2485.2)
       Total Material
         Flux                                 5.65779e-05 +/- 5.58929e-07
     Incoming Energy [2485.2, 2612.6)
       Total Material
         Flux                                 2.88364e-05 +/- 8.56715e-07
     Incoming Energy [2612.6, 2746.5)
       Total Material
         Flux                                 3.01832e-05 +/- 9.88728e-07
     Incoming Energy [2746.5, 3035.4)
       Total Material
         Flux                                 6.36402e-05 +/- 1.12088e-06
     Incoming Energy [3035.4, 3354.6)
       Total Material
         Flux                                 6.80837e-05 +/- 9.50868e-07
     Incoming Energy [3354.6, 3707.4)
       Total Material
         Flux                                 7.20158e-05 +/- 1.60376e-06
     Incoming Energy [3707.4, 4307.4)
       Total Material
         Flux                                 0.000122326 +/- 1.33358e-06
     Incoming Energy [4307.4, 5530.8)
       Total Material
         Flux                                 0.000223013 +/- 1.6543e-06
     Incoming Energy [5530.8, 7101.7)
       Total Material
         Flux                                 0.000261663 +/- 2.56495e-06
     Incoming Energy [7101.7, 9118.8)
       Total Material
         Flux                                 0.000304604 +/- 2.035e-06
     Incoming Energy [9118.8, 10595)
       Total Material
         Flux                                 0.00020686 +/- 1.9601e-06
     Incoming Energy [10595, 11709)
       Total Material
         Flux                                 0.000143896 +/- 1.26853e-06
     Incoming Energy [11709, 15034)
       Total Material
         Flux                                 0.000400877 +/- 2.32865e-06
     Incoming Energy [15034, 19304)
       Total Material
         Flux                                 0.000448526 +/- 1.89455e-06
     Incoming Energy [19304, 21875)
       Total Material
         Flux                                 0.000242281 +/- 1.98088e-06
     Incoming Energy [21875, 23579)
       Total Material
         Flux                                 0.000153244 +/- 1.21021e-06
     Incoming Energy [23579, 24176)
       Total Material
         Flux                                 5.22583e-05 +/- 6.86263e-07
     Incoming Energy [24176, 24788)
       Total Material
         Flux                                 5.25795e-05 +/- 6.10831e-07
     Incoming Energy [24788, 26058)
       Total Material
         Flux                                 0.000106605 +/- 1.02573e-06
     Incoming Energy [26058, 27000)
       Total Material
         Flux                                 7.49064e-05 +/- 1.13196e-06
     Incoming Energy [27000, 28501)
       Total Material
         Flux                                 0.000117883 +/- 1.23731e-06
     Incoming Energy [28501, 31828)
       Total Material
         Flux                                 0.000250089 +/- 2.49889e-06
     Incoming Energy [31828, 34307)
       Total Material
         Flux                                 0.000177438 +/- 2.2609e-06
     Incoming Energy [34307, 40868)
       Total Material
         Flux                                 0.000424935 +/- 2.96412e-06
     Incoming Energy [40868, 46309)
       Total Material
         Flux                                 0.000317299 +/- 1.62482e-06
     Incoming Energy [46309, 52475)
       Total Material
         Flux                                 0.000325189 +/- 3.02162e-06
     Incoming Energy [52475, 56562)
       Total Material
         Flux                                 0.000196832 +/- 1.41707e-06
     Incoming Energy [56562, 67380)
       Total Material
         Flux                                 0.000469971 +/- 2.88027e-06
     Incoming Energy [67380, 72024)
       Total Material
         Flux                                 0.00017891 +/- 1.78297e-06
     Incoming Energy [72024, 79499)
       Total Material
         Flux                                 0.000266769 +/- 1.00019e-06
     Incoming Energy [79499, 82503)
       Total Material
         Flux                                 0.000100258 +/- 7.57526e-07
     Incoming Energy [82503, 86517)
       Total Material
         Flux                                 0.000127968 +/- 1.66899e-06
     Incoming Energy [86517, 98036)
       Total Material
         Flux                                 0.000340725 +/- 3.15679e-06
     Incoming Energy [98036, 111090)
       Total Material
         Flux                                 0.000292534 +/- 2.50925e-06
     Incoming Energy [111090, 116790)
       Total Material
         Flux                                 0.000113112 +/- 1.05667e-06
     Incoming Energy [116790, 122770)
       Total Material
         Flux                                 0.000113015 +/- 1.27849e-06
     Incoming Energy [122770, 129070)
       Total Material
         Flux                                 0.00011538 +/- 1.15808e-06
     Incoming Energy [129070, 135690)
       Total Material
         Flux                                 0.000115105 +/- 1.99961e-06
     Incoming Energy [135690, 142640)
       Total Material
         Flux                                 0.000111136 +/- 1.63173e-06
     Incoming Energy [142640, 149960)
       Total Material
         Flux                                 0.000111592 +/- 1.79764e-06
     Incoming Energy [149960, 157640)
       Total Material
         Flux                                 0.000113831 +/- 8.75808e-07
     Incoming Energy [157640, 165730)
       Total Material
         Flux                                 0.000112277 +/- 1.34271e-06
     Incoming Energy [165730, 174220)
       Total Material
         Flux                                 0.000110026 +/- 1.00952e-06
     Incoming Energy [174220, 183160)
       Total Material
         Flux                                 0.00010779 +/- 1.6236e-06
     Incoming Energy [183160, 192550)
       Total Material
         Flux                                 0.000106556 +/- 1.65669e-06
     Incoming Energy [192550, 202420)
       Total Material
         Flux                                 0.000105805 +/- 1.23274e-06
     Incoming Energy [202420, 212800)
       Total Material
         Flux                                 0.000101159 +/- 1.58294e-06
     Incoming Energy [212800, 223710)
       Total Material
         Flux                                 0.000100441 +/- 1.94848e-06
     Incoming Energy [223710, 235180)
       Total Material
         Flux                                 9.91491e-05 +/- 9.34117e-07
     Incoming Energy [235180, 247240)
       Total Material
         Flux                                 9.67004e-05 +/- 1.19762e-06
     Incoming Energy [247240, 273240)
       Total Material
         Flux                                 0.000183567 +/- 1.58588e-06
     Incoming Energy [273240, 287250)
       Total Material
         Flux                                 8.82145e-05 +/- 9.5941e-07
     Incoming Energy [287250, 294520)
       Total Material
         Flux                                 4.25606e-05 +/- 7.97205e-07
     Incoming Energy [294520, 297210)
       Total Material
         Flux                                 1.46422e-05 +/- 7.56459e-07
     Incoming Energy [297210, 298490)
       Total Material
         Flux                                 7.19322e-06 +/- 3.90026e-07
     Incoming Energy [298490, 301970)
       Total Material
         Flux                                 1.88393e-05 +/- 4.0843e-07
     Incoming Energy [301970, 333730)
       Total Material
         Flux                                 0.000156584 +/- 1.9831e-06
     Incoming Energy [333730, 368830)
       Total Material
         Flux                                 0.000139141 +/- 9.69164e-07
     Incoming Energy [368830, 387740)
       Total Material
         Flux                                 6.20012e-05 +/- 1.14248e-06
     Incoming Energy [387740, 407620)
       Total Material
         Flux                                 6.01451e-05 +/- 5.37194e-07
     Incoming Energy [407620, 450490)
       Total Material
         Flux                                 0.000100665 +/- 9.1037e-07
     Incoming Energy [450490, 497870)
       Total Material
         Flux                                 8.14895e-05 +/- 1.03905e-06
     Incoming Energy [497870, 523400)
       Total Material
         Flux                                 3.52677e-05 +/- 7.06357e-07
     Incoming Energy [523400, 550230)
       Total Material
         Flux                                 2.91313e-05 +/- 5.39703e-07
     Incoming Energy [550230, 578440)
       Total Material
         Flux                                 2.59288e-05 +/- 6.71484e-07
     Incoming Energy [578440, 608100)
       Total Material
         Flux                                 2.09e-05 +/- 6.65614e-07
     Incoming Energy [608100, 639280)
       Total Material
         Flux                                 1.83274e-05 +/- 4.14845e-07
     Incoming Energy [639280, 672060)
       Total Material
         Flux                                 1.53517e-05 +/- 5.97393e-07
     Incoming Energy [672060, 706510)
       Total Material
         Flux                                 1.31022e-05 +/- 3.89534e-07
     Incoming Energy [706510, 742740)
       Total Material
         Flux                                 1.1702e-05 +/- 6.30941e-07
     Incoming Energy [742740, 780820)
       Total Material
         Flux                                 9.30574e-06 +/- 5.24044e-07
     Incoming Energy [780820, 820850)
       Total Material
         Flux                                 7.69314e-06 +/- 3.97759e-07
     Incoming Energy [820850, 862940)
       Total Material
         Flux                                 7.64901e-06 +/- 3.41988e-07
     Incoming Energy [862940, 907180)
       Total Material
         Flux                                 7.02484e-06 +/- 4.65864e-07
     Incoming Energy [907180, 961670)
       Total Material
         Flux                                 6.47503e-06 +/- 4.9613e-07
     Incoming Energy [961670, 1002600)
       Total Material
         Flux                                 5.50771e-06 +/- 7.32646e-07
     Incoming Energy [1002600, 1108000)
       Total Material
         Flux                                 1.09906e-05 +/- 4.34075e-07
     Incoming Energy [1108000, 1164800)
       Total Material
         Flux                                 6.26345e-06 +/- 1.85613e-07
     Incoming Energy [1164800, 1224600)
       Total Material
         Flux                                 7.07058e-06 +/- 4.09991e-07
     Incoming Energy [1224600, 1287400)
       Total Material
         Flux                                 8.06762e-06 +/- 4.24756e-07
     Incoming Energy [1287400, 1353400)
       Total Material
         Flux                                 9.84692e-06 +/- 5.17262e-07
     Incoming Energy [1353400, 1422700)
       Total Material
         Flux                                 9.72823e-06 +/- 5.63081e-07
     Incoming Energy [1422700, 1495700)
       Total Material
         Flux                                 1.22294e-05 +/- 4.95915e-07
     Incoming Energy [1495700, 1572400)
       Total Material
         Flux                                 1.23262e-05 +/- 5.65164e-07
     Incoming Energy [1572400, 1653000)
       Total Material
         Flux                                 1.57269e-05 +/- 3.67833e-07
     Incoming Energy [1653000, 1737700)
       Total Material
         Flux                                 1.68861e-05 +/- 6.79616e-07
     Incoming Energy [1737700, 1826800)
       Total Material
         Flux                                 1.80721e-05 +/- 6.45404e-07
     Incoming Energy [1826800, 1920500)
       Total Material
         Flux                                 2.14122e-05 +/- 8.47617e-07
     Incoming Energy [1920500, 2019000)
       Total Material
         Flux                                 2.16501e-05 +/- 4.86674e-07
     Incoming Energy [2019000, 2122500)
       Total Material
         Flux                                 2.5198e-05 +/- 7.30987e-07
     Incoming Energy [2122500, 2231300)
       Total Material
         Flux                                 2.64998e-05 +/- 6.00014e-07
     Incoming Energy [2231300, 2306900)
       Total Material
         Flux                                 1.81369e-05 +/- 6.88065e-07
     Incoming Energy [2306900, 2345700)
       Total Material
         Flux                                 1.00661e-05 +/- 4.94404e-07
     Incoming Energy [2345700, 2365300)
       Total Material
         Flux                                 5.73624e-06 +/- 2.83574e-07
     Incoming Energy [2365300, 2385100)
       Total Material
         Flux                                 4.93542e-06 +/- 4.5118e-07
     Incoming Energy [2385100, 2466000)
       Total Material
         Flux                                 2.06948e-05 +/- 7.99322e-07
     Incoming Energy [2466000, 2592400)
       Total Material
         Flux                                 3.162e-05 +/- 3.60868e-07
     Incoming Energy [2592400, 2725300)
       Total Material
         Flux                                 3.25413e-05 +/- 5.85077e-07
     Incoming Energy [2725300, 2865000)
       Total Material
         Flux                                 3.64824e-05 +/- 6.68558e-07
     Incoming Energy [2865000, 3011900)
       Total Material
         Flux                                 3.98509e-05 +/- 8.3908e-07
     Incoming Energy [3011900, 3166400)
       Total Material
         Flux                                 3.8996e-05 +/- 1.29715e-06
     Incoming Energy [3166400, 3328700)
       Total Material
         Flux                                 4.18054e-05 +/- 1.04042e-06
     Incoming Energy [3328700, 3678800)
       Total Material
         Flux                                 9.13695e-05 +/- 1.34766e-06
     Incoming Energy [3678800, 4065700)
       Total Material
         Flux                                 0.000100675 +/- 1.55226e-06
     Incoming Energy [4065700, 4493300)
       Total Material
         Flux                                 0.000106719 +/- 1.68218e-06
     Incoming Energy [4493300, 4723700)
       Total Material
         Flux                                 5.81478e-05 +/- 9.75604e-07
     Incoming Energy [4723700, 4965800)
       Total Material
         Flux                                 6.22418e-05 +/- 9.66214e-07
     Incoming Energy [4965800, 5220500)
       Total Material
         Flux                                 6.47803e-05 +/- 7.1172e-07
     Incoming Energy [5220500, 5488100)
       Total Material
         Flux                                 6.92405e-05 +/- 1.58827e-06
     Incoming Energy [5488100, 5769500)
       Total Material
         Flux                                 7.49934e-05 +/- 1.18826e-06
     Incoming Energy [5769500, 6065300)
       Total Material
         Flux                                 7.76801e-05 +/- 1.51793e-06
     Incoming Energy [6065300, 6376300)
       Total Material
         Flux                                 8.29143e-05 +/- 1.71114e-06
     Incoming Energy [6376300, 6592400)
       Total Material
         Flux                                 5.93556e-05 +/- 7.24809e-07
     Incoming Energy [6592400, 6703200)
       Total Material
         Flux                                 3.10138e-05 +/- 5.65989e-07
     Incoming Energy [6703200, 7046900)
       Total Material
         Flux                                 9.69037e-05 +/- 1.10951e-06
     Incoming Energy [7046900, 7408200)
       Total Material
         Flux                                 0.000100639 +/- 1.57044e-06
     Incoming Energy [7408200, 7788000)
       Total Material
         Flux                                 0.000107045 +/- 8.74073e-07
     Incoming Energy [7788000, 8187300)
       Total Material
         Flux                                 0.000115991 +/- 1.74699e-06
     Incoming Energy [8187300, 8607100)
       Total Material
         Flux                                 0.000121324 +/- 1.08373e-06
     Incoming Energy [8607100, 9048400)
       Total Material
         Flux                                 0.000124915 +/- 1.48827e-06
     Incoming Energy [9048400, 9512300)
       Total Material
         Flux                                 0.000127986 +/- 1.52368e-06
     Incoming Energy [9512300, 10000000)
       Total Material
         Flux                                 0.000131879 +/- 1.1624e-06
     Incoming Energy [10000000, 10513000)
       Total Material
         Flux                                 0.00013715 +/- 1.47831e-06
     Incoming Energy [10513000, 11052000)
       Total Material
         Flux                                 0.000133989 +/- 1.04902e-06
     Incoming Energy [11052000, 11618000)
       Total Material
         Flux                                 0.000120619 +/- 1.24676e-06
     Incoming Energy [11618000, 12214000)
       Total Material
         Flux                                 0.000110798 +/- 1.12797e-06
     Incoming Energy [12214000, 12523000)
       Total Material
         Flux                                 4.84738e-05 +/- 1.08294e-06
     Incoming Energy [12523000, 12840000)
       Total Material
         Flux                                 4.33691e-05 +/- 6.68854e-07
     Incoming Energy [12840000, 13499000)
       Total Material
         Flux                                 7.62808e-05 +/- 8.17004e-07
     Incoming Energy [13499000, 13840000)
       Total Material
         Flux                                 3.08262e-05 +/- 5.26195e-07
     Incoming Energy [13840000, 14191000)
       Total Material
         Flux                                 1.19826e-05 +/- 3.94438e-07
     Incoming Energy [14191000, 14550000)
       Total Material
         Flux                                 0 +/- 0
     Incoming Energy [14550000, 14918000)
       Total Material
         Flux                                 0 +/- 0
     Incoming Energy [14918000, 15683000)
       Total Material
         Flux                                 0 +/- 0
     Incoming Energy [15683000, 16487000)
       Total Material
         Flux                                 0 +/- 0
     Incoming Energy [16487000, 16905000)
       Total Material
         Flux                                 0 +/- 0
     Incoming Energy [16905000, 17332000)
       Total Material
         Flux                                 0 +/- 0
     Incoming Energy [17332000, 19640000)
       Total Material
         Flux                                 0 +/- 0
 =========>     TALLY 22: GAMMA FLUX AT THE EXTERNAL SURFACE     <==========

 Cell 3
   Particle: photon
     Incoming Energy [1e-05, 10000)
       Total Material
         Flux                                 0 +/- 0
     Incoming Energy [10000, 100000)
       Total Material
         Flux                                 0 +/- 0
     Incoming Energy [100000, 1000000)
       Total Material
         Flux                                 0 +/- 0
     Incoming Energy [1000000, 5000000)
       Total Material
         Flux                                 0 +/- 0
     Incoming Energy [5000000, 20000000)
       Total Material
         Flux                                 0 +/- 0
 >     TALLY 32: GAMMA FLUX AT THE EXTERNAL SURFACE [FINE@FISPACT MANUAL 24 GROUP STRUCTURE]     <

 Cell 3
   Particle: photon
     Incoming Energy [1e-05, 10000)
       Total Material
         Flux                                 0 +/- 0
     Incoming Energy [10000, 20000)
       Total Material
         Flux                                 0 +/- 0
     Incoming Energy [20000, 50000)
       Total Material
         Flux                                 0 +/- 0
     Incoming Energy [50000, 100000)
       Total Material
         Flux                                 0 +/- 0
     Incoming Energy [100000, 200000)
       Total Material
         Flux                                 0 +/- 0
     Incoming Energy [200000, 300000)
       Total Material
         Flux                                 0 +/- 0
     Incoming Energy [300000, 400000)
       Total Material
         Flux                                 0 +/- 0
     Incoming Energy [400000, 600000)
       Total Material
         Flux                                 0 +/- 0
     Incoming Energy [600000, 800000)
       Total Material
         Flux                                 0 +/- 0
     Incoming Energy [800000, 1000000)
       Total Material
         Flux                                 0 +/- 0
     Incoming Energy [1000000, 1220000)
       Total Material
         Flux                                 0 +/- 0
     Incoming Energy [1220000, 1440000)
       Total Material
         Flux                                 0 +/- 0
     Incoming Energy [1440000, 1660000)
       Total Material
         Flux                                 0 +/- 0
     Incoming Energy [1660000, 2000000)
       Total Material
         Flux                                 0 +/- 0
     Incoming Energy [2000000, 2500000)
       Total Material
         Flux                                 0 +/- 0
     Incoming Energy [2500000, 3000000)
       Total Material
         Flux                                 0 +/- 0
     Incoming Energy [3000000, 4000000)
       Total Material
         Flux                                 0 +/- 0
     Incoming Energy [4000000, 5000000)
       Total Material
         Flux                                 0 +/- 0
     Incoming Energy [5000000, 6500000)
       Total Material
         Flux                                 0 +/- 0
     Incoming Energy [6500000, 8000000)
       Total Material
         Flux                                 0 +/- 0
     Incoming Energy [8000000, 10000000)
       Total Material
         Flux                                 0 +/- 0
     Incoming Energy [10000000, 12000000)
       Total Material
         Flux                                 0 +/- 0
     Incoming Energy [12000000, 14000000)
       Total Material
         Flux                                 0 +/- 0
     Incoming Energy [14000000, 20000000)
       Total Material
         Flux                                 0 +/- 0
 ==================>     TALLY 6: NEUTRON HEATING F6     <==================

 Cell 2
   Particle: neutron
     Total Material
       heating                              2.67001e+06 +/- 3439.93
 ==================>     TALLY 46: GAMMA HEATING F6     <===================

 Cell 2
   Particle: photon
     Total Material
       heating                              0 +/- 0
 ================>     TALLY 461: POSITRON HEATING F6     <=================

 Cell 2
   Particle: positron
     Total Material
       heating                              0 +/- 0
 ================>     TALLY 462: ELECTRON HEATING F6     <=================

 Cell 2
   Particle: electron
     Total Material
       heating                              0 +/- 0
 >     TALLY 12: NEUTRON FLUX AT THE EXTERNAL SURFACE IN COURSE ENERGY GROUPS     <

 Cell 3
   Particle: neutron
     Incoming Energy [1e-05, 1)
       Total Material
         Flux                                 1.59081e-06 +/- 1.59377e-07
     Incoming Energy [1, 100000)
       Total Material
         Flux                                 0.0071977 +/- 5.63644e-06
     Incoming Energy [100000, 1000000)
       Total Material
         Flux                                 0.00314078 +/- 3.94395e-06
     Incoming Energy [1000000, 10000000)
       Total Material
         Flux                                 0.0023095 +/- 4.87838e-06
     Incoming Energy [10000000, 20000000)
       Total Material
         Flux                                 0.000713488 +/- 3.10191e-06
