 ===================>     TALLY 4: NEUTRON SPECTRA     <====================

 Cell 2
   Particle: neutron
     Incoming Energy [1e-05, 0.1)
       Total Material
         Flux                                 1.16609 +/- 0.372691
     Incoming Energy [0.1, 0.41399)
       Total Material
         Flux                                 2.40484 +/- 0.464969
     Incoming Energy [0.41399, 0.53158)
       Total Material
         Flux                                 0.709147 +/- 0.1454
     Incoming Energy [0.53158, 0.68256)
       Total Material
         Flux                                 0.500241 +/- 0.102552
     Incoming Energy [0.68256, 0.87643)
       Total Material
         Flux                                 0.589592 +/- 0.105303
     Incoming Energy [0.87643, 1.1253)
       Total Material
         Flux                                 0.616959 +/- 0.102978
     Incoming Energy [1.1253, 1.445)
       Total Material
         Flux                                 0.47875 +/- 0.0782503
     Incoming Energy [1.445, 1.8554)
       Total Material
         Flux                                 0.693613 +/- 0.109465
     Incoming Energy [1.8554, 2.3824)
       Total Material
         Flux                                 0.641602 +/- 0.100207
     Incoming Energy [2.3824, 3.059)
       Total Material
         Flux                                 0.822266 +/- 0.120053
     Incoming Energy [3.059, 3.9279)
       Total Material
         Flux                                 0.827104 +/- 0.112871
     Incoming Energy [3.9279, 5.0435)
       Total Material
         Flux                                 0.801764 +/- 0.114398
     Incoming Energy [5.0435, 6.4759)
       Total Material
         Flux                                 0.85485 +/- 0.0943289
     Incoming Energy [6.4759, 8.3153)
       Total Material
         Flux                                 1.09321 +/- 0.126993
     Incoming Energy [8.3153, 10.677)
       Total Material
         Flux                                 0.925465 +/- 0.122186
     Incoming Energy [10.677, 13.71)
       Total Material
         Flux                                 1.08142 +/- 0.12035
     Incoming Energy [13.71, 17.604)
       Total Material
         Flux                                 1.11036 +/- 0.12085
     Incoming Energy [17.604, 22.603)
       Total Material
         Flux                                 1.19144 +/- 0.140486
     Incoming Energy [22.603, 29.023)
       Total Material
         Flux                                 1.26921 +/- 0.147877
     Incoming Energy [29.023, 37.266)
       Total Material
         Flux                                 1.1954 +/- 0.122619
     Incoming Energy [37.266, 47.851)
       Total Material
         Flux                                 1.2324 +/- 0.137418
     Incoming Energy [47.851, 61.442)
       Total Material
         Flux                                 1.39008 +/- 0.142195
     Incoming Energy [61.442, 78.893)
       Total Material
         Flux                                 1.62539 +/- 0.158046
     Incoming Energy [78.893, 101.3)
       Total Material
         Flux                                 1.53377 +/- 0.157626
     Incoming Energy [101.3, 130.07)
       Total Material
         Flux                                 1.67905 +/- 0.150352
     Incoming Energy [130.07, 167.02)
       Total Material
         Flux                                 1.47716 +/- 0.152846
     Incoming Energy [167.02, 214.45)
       Total Material
         Flux                                 1.86924 +/- 0.162577
     Incoming Energy [214.45, 275.36)
       Total Material
         Flux                                 1.98436 +/- 0.177836
     Incoming Energy [275.36, 353.58)
       Total Material
         Flux                                 1.91732 +/- 0.133464
     Incoming Energy [353.58, 454)
       Total Material
         Flux                                 2.22526 +/- 0.170815
     Incoming Energy [454, 582.95)
       Total Material
         Flux                                 2.18345 +/- 0.16608
     Incoming Energy [582.95, 748.52)
       Total Material
         Flux                                 2.4303 +/- 0.178426
     Incoming Energy [748.52, 961.12)
       Total Material
         Flux                                 2.98337 +/- 0.197096
     Incoming Energy [961.12, 1234.1)
       Total Material
         Flux                                 3.12559 +/- 0.191667
     Incoming Energy [1234.1, 1584.6)
       Total Material
         Flux                                 3.09289 +/- 0.194824
     Incoming Energy [1584.6, 2034.7)
       Total Material
         Flux                                 3.28314 +/- 0.186989
     Incoming Energy [2034.7, 2248.7)
       Total Material
         Flux                                 1.38825 +/- 0.109145
     Incoming Energy [2248.7, 2485.2)
       Total Material
         Flux                                 1.29811 +/- 0.106435
     Incoming Energy [2485.2, 2612.6)
       Total Material
         Flux                                 0.80264 +/- 0.0771312
     Incoming Energy [2612.6, 2746.5)
       Total Material
         Flux                                 0.672119 +/- 0.0779683
     Incoming Energy [2746.5, 3035.4)
       Total Material
         Flux                                 1.37347 +/- 0.115353
     Incoming Energy [3035.4, 3354.6)
       Total Material
         Flux                                 1.55863 +/- 0.12566
     Incoming Energy [3354.6, 3707.4)
       Total Material
         Flux                                 1.38117 +/- 0.120176
     Incoming Energy [3707.4, 4307.4)
       Total Material
         Flux                                 2.46008 +/- 0.154021
     Incoming Energy [4307.4, 5530.8)
       Total Material
         Flux                                 3.96273 +/- 0.248257
     Incoming Energy [5530.8, 7101.7)
       Total Material
         Flux                                 4.68707 +/- 0.22192
     Incoming Energy [7101.7, 9118.8)
       Total Material
         Flux                                 4.88415 +/- 0.268754
     Incoming Energy [9118.8, 10595)
       Total Material
         Flux                                 2.76324 +/- 0.182836
     Incoming Energy [10595, 11709)
       Total Material
         Flux                                 1.98666 +/- 0.145931
     Incoming Energy [11709, 15034)
       Total Material
         Flux                                 5.21663 +/- 0.258733
     Incoming Energy [15034, 19304)
       Total Material
         Flux                                 5.93657 +/- 0.261011
     Incoming Energy [19304, 21875)
       Total Material
         Flux                                 2.88959 +/- 0.203043
     Incoming Energy [21875, 23579)
       Total Material
         Flux                                 1.59303 +/- 0.112609
     Incoming Energy [23579, 24176)
       Total Material
         Flux                                 0.733079 +/- 0.0869037
     Incoming Energy [24176, 24788)
       Total Material
         Flux                                 0.545808 +/- 0.0633334
     Incoming Energy [24788, 26058)
       Total Material
         Flux                                 0.920703 +/- 0.0785507
     Incoming Energy [26058, 27000)
       Total Material
         Flux                                 0.181286 +/- 0.0229929
     Incoming Energy [27000, 28501)
       Total Material
         Flux                                 0.466491 +/- 0.041283
     Incoming Energy [28501, 31828)
       Total Material
         Flux                                 2.32598 +/- 0.137007
     Incoming Energy [31828, 34307)
       Total Material
         Flux                                 1.85754 +/- 0.129749
     Incoming Energy [34307, 40868)
       Total Material
         Flux                                 4.18993 +/- 0.199634
     Incoming Energy [40868, 46309)
       Total Material
         Flux                                 2.44167 +/- 0.137652
     Incoming Energy [46309, 52475)
       Total Material
         Flux                                 0.903266 +/- 0.0644975
     Incoming Energy [52475, 56562)
       Total Material
         Flux                                 1.81214 +/- 0.127711
     Incoming Energy [56562, 67380)
       Total Material
         Flux                                 4.58348 +/- 0.242501
     Incoming Energy [67380, 72024)
       Total Material
         Flux                                 1.79558 +/- 0.143833
     Incoming Energy [72024, 79499)
       Total Material
         Flux                                 2.17526 +/- 0.137348
     Incoming Energy [79499, 82503)
       Total Material
         Flux                                 0.858227 +/- 0.0893793
     Incoming Energy [82503, 86517)
       Total Material
         Flux                                 0.776676 +/- 0.0676533
     Incoming Energy [86517, 98036)
       Total Material
         Flux                                 0.851039 +/- 0.0538572
     Incoming Energy [98036, 111090)
       Total Material
         Flux                                 0.752431 +/- 0.0466118
     Incoming Energy [111090, 116790)
       Total Material
         Flux                                 0.430464 +/- 0.0461994
     Incoming Energy [116790, 122770)
       Total Material
         Flux                                 0.561786 +/- 0.0597148
     Incoming Energy [122770, 129070)
       Total Material
         Flux                                 0.789506 +/- 0.072681
     Incoming Energy [129070, 135690)
       Total Material
         Flux                                 0.489796 +/- 0.0602785
     Incoming Energy [135690, 142640)
       Total Material
         Flux                                 0.667346 +/- 0.069119
     Incoming Energy [142640, 149960)
       Total Material
         Flux                                 0.684022 +/- 0.078647
     Incoming Energy [149960, 157640)
       Total Material
         Flux                                 0.644378 +/- 0.0852005
     Incoming Energy [157640, 165730)
       Total Material
         Flux                                 0.649174 +/- 0.0786094
     Incoming Energy [165730, 174220)
       Total Material
         Flux                                 0.603202 +/- 0.0731835
     Incoming Energy [174220, 183160)
       Total Material
         Flux                                 0.52242 +/- 0.0629048
     Incoming Energy [183160, 192550)
       Total Material
         Flux                                 0.568906 +/- 0.0816883
     Incoming Energy [192550, 202420)
       Total Material
         Flux                                 0.543243 +/- 0.0743046
     Incoming Energy [202420, 212800)
       Total Material
         Flux                                 0.468519 +/- 0.0599013
     Incoming Energy [212800, 223710)
       Total Material
         Flux                                 0.180511 +/- 0.0281494
     Incoming Energy [223710, 235180)
       Total Material
         Flux                                 0.308895 +/- 0.0427669
     Incoming Energy [235180, 247240)
       Total Material
         Flux                                 0.322429 +/- 0.0436532
     Incoming Energy [247240, 273240)
       Total Material
         Flux                                 0.410295 +/- 0.0442478
     Incoming Energy [273240, 287250)
       Total Material
         Flux                                 0.187112 +/- 0.0243482
     Incoming Energy [287250, 294520)
       Total Material
         Flux                                 0.119455 +/- 0.0229754
     Incoming Energy [294520, 297210)
       Total Material
         Flux                                 0.0312925 +/- 0.00876631
     Incoming Energy [297210, 298490)
       Total Material
         Flux                                 0.00235222 +/- 0.00165568
     Incoming Energy [298490, 301970)
       Total Material
         Flux                                 0.0772585 +/- 0.0191374
     Incoming Energy [301970, 333730)
       Total Material
         Flux                                 0.528697 +/- 0.0552499
     Incoming Energy [333730, 368830)
       Total Material
         Flux                                 0.429763 +/- 0.0432522
     Incoming Energy [368830, 387740)
       Total Material
         Flux                                 0.267519 +/- 0.0322997
     Incoming Energy [387740, 407620)
       Total Material
         Flux                                 0.328027 +/- 0.0392873
     Incoming Energy [407620, 450490)
       Total Material
         Flux                                 0.68342 +/- 0.0596988
     Incoming Energy [450490, 497870)
       Total Material
         Flux                                 1.27364 +/- 0.104899
     Incoming Energy [497870, 523400)
       Total Material
         Flux                                 0.750983 +/- 0.0929901
     Incoming Energy [523400, 550230)
       Total Material
         Flux                                 0.717341 +/- 0.0708782
     Incoming Energy [550230, 578440)
       Total Material
         Flux                                 0.996422 +/- 0.0988546
     Incoming Energy [578440, 608100)
       Total Material
         Flux                                 0.818903 +/- 0.0872124
     Incoming Energy [608100, 639280)
       Total Material
         Flux                                 0.795645 +/- 0.0831698
     Incoming Energy [639280, 672060)
       Total Material
         Flux                                 0.812387 +/- 0.0846392
     Incoming Energy [672060, 706510)
       Total Material
         Flux                                 1.03856 +/- 0.112758
     Incoming Energy [706510, 742740)
       Total Material
         Flux                                 0.936675 +/- 0.0800863
     Incoming Energy [742740, 780820)
       Total Material
         Flux                                 1.00059 +/- 0.0972562
     Incoming Energy [780820, 820850)
       Total Material
         Flux                                 0.995795 +/- 0.0992602
     Incoming Energy [820850, 862940)
       Total Material
         Flux                                 0.976245 +/- 0.102337
     Incoming Energy [862940, 907180)
       Total Material
         Flux                                 0.865848 +/- 0.0922272
     Incoming Energy [907180, 961670)
       Total Material
         Flux                                 0.840963 +/- 0.0859083
     Incoming Energy [961670, 1002600)
       Total Material
         Flux                                 0.693136 +/- 0.0703237
     Incoming Energy [1002600, 1108000)
       Total Material
         Flux                                 1.52998 +/- 0.144089
     Incoming Energy [1108000, 1164800)
       Total Material
         Flux                                 0.762833 +/- 0.082617
     Incoming Energy [1164800, 1224600)
       Total Material
         Flux                                 0.727526 +/- 0.0898818
     Incoming Energy [1224600, 1287400)
       Total Material
         Flux                                 0.592895 +/- 0.0663016
     Incoming Energy [1287400, 1353400)
       Total Material
         Flux                                 0.705018 +/- 0.0773369
     Incoming Energy [1353400, 1422700)
       Total Material
         Flux                                 0.713559 +/- 0.0844792
     Incoming Energy [1422700, 1495700)
       Total Material
         Flux                                 1.05011 +/- 0.119793
     Incoming Energy [1495700, 1572400)
       Total Material
         Flux                                 0.856085 +/- 0.104064
     Incoming Energy [1572400, 1653000)
       Total Material
         Flux                                 0.667059 +/- 0.0755714
     Incoming Energy [1653000, 1737700)
       Total Material
         Flux                                 0.84943 +/- 0.0924332
     Incoming Energy [1737700, 1826800)
       Total Material
         Flux                                 0.831911 +/- 0.0887263
     Incoming Energy [1826800, 1920500)
       Total Material
         Flux                                 0.703823 +/- 0.0990872
     Incoming Energy [1920500, 2019000)
       Total Material
         Flux                                 0.748354 +/- 0.102298
     Incoming Energy [2019000, 2122500)
       Total Material
         Flux                                 0.73537 +/- 0.109209
     Incoming Energy [2122500, 2231300)
       Total Material
         Flux                                 0.838354 +/- 0.101689
     Incoming Energy [2231300, 2306900)
       Total Material
         Flux                                 0.406513 +/- 0.060847
     Incoming Energy [2306900, 2345700)
       Total Material
         Flux                                 0.1774 +/- 0.0464806
     Incoming Energy [2345700, 2365300)
       Total Material
         Flux                                 0.192077 +/- 0.0591307
     Incoming Energy [2365300, 2385100)
       Total Material
         Flux                                 0.122131 +/- 0.0358331
     Incoming Energy [2385100, 2466000)
       Total Material
         Flux                                 0.473088 +/- 0.0640016
     Incoming Energy [2466000, 2592400)
       Total Material
         Flux                                 0.65508 +/- 0.0880139
     Incoming Energy [2592400, 2725300)
       Total Material
         Flux                                 0.570933 +/- 0.0805066
     Incoming Energy [2725300, 2865000)
       Total Material
         Flux                                 0.676374 +/- 0.0972549
     Incoming Energy [2865000, 3011900)
       Total Material
         Flux                                 0.623677 +/- 0.0894214
     Incoming Energy [3011900, 3166400)
       Total Material
         Flux                                 0.477435 +/- 0.0661297
     Incoming Energy [3166400, 3328700)
       Total Material
         Flux                                 0.529804 +/- 0.0917905
     Incoming Energy [3328700, 3678800)
       Total Material
         Flux                                 1.02455 +/- 0.134703
     Incoming Energy [3678800, 4065700)
       Total Material
         Flux                                 1.12764 +/- 0.171034
     Incoming Energy [4065700, 4493300)
       Total Material
         Flux                                 0.853357 +/- 0.126058
     Incoming Energy [4493300, 4723700)
       Total Material
         Flux                                 0.450813 +/- 0.0722756
     Incoming Energy [4723700, 4965800)
       Total Material
         Flux                                 0.410896 +/- 0.0779987
     Incoming Energy [4965800, 5220500)
       Total Material
         Flux                                 0.6131 +/- 0.0984265
     Incoming Energy [5220500, 5488100)
       Total Material
         Flux                                 0.396012 +/- 0.0792674
     Incoming Energy [5488100, 5769500)
       Total Material
         Flux                                 0.34682 +/- 0.0735229
     Incoming Energy [5769500, 6065300)
       Total Material
         Flux                                 0.413169 +/- 0.0667797
     Incoming Energy [6065300, 6376300)
       Total Material
         Flux                                 0.458279 +/- 0.0916237
     Incoming Energy [6376300, 6592400)
       Total Material
         Flux                                 0.273159 +/- 0.068958
     Incoming Energy [6592400, 6703200)
       Total Material
         Flux                                 0.0727399 +/- 0.0320392
     Incoming Energy [6703200, 7046900)
       Total Material
         Flux                                 0.514721 +/- 0.0966487
     Incoming Energy [7046900, 7408200)
       Total Material
         Flux                                 0.429017 +/- 0.0945032
     Incoming Energy [7408200, 7788000)
       Total Material
         Flux                                 0.338804 +/- 0.0754061
     Incoming Energy [7788000, 8187300)
       Total Material
         Flux                                 0.562859 +/- 0.0933299
     Incoming Energy [8187300, 8607100)
       Total Material
         Flux                                 0.391406 +/- 0.0781587
     Incoming Energy [8607100, 9048400)
       Total Material
         Flux                                 0.338065 +/- 0.069859
     Incoming Energy [9048400, 9512300)
       Total Material
         Flux                                 0.392547 +/- 0.100096
     Incoming Energy [9512300, 10000000)
       Total Material
         Flux                                 0.475623 +/- 0.0882975
     Incoming Energy [10000000, 10513000)
       Total Material
         Flux                                 0.441247 +/- 0.0951392
     Incoming Energy [10513000, 11052000)
       Total Material
         Flux                                 0.480238 +/- 0.0819873
     Incoming Energy [11052000, 11618000)
       Total Material
         Flux                                 0.595066 +/- 0.0895962
     Incoming Energy [11618000, 12214000)
       Total Material
         Flux                                 0.637528 +/- 0.107632
     Incoming Energy [12214000, 12523000)
       Total Material
         Flux                                 0.339245 +/- 0.072392
     Incoming Energy [12523000, 12840000)
       Total Material
         Flux                                 0.350271 +/- 0.0855052
     Incoming Energy [12840000, 13499000)
       Total Material
         Flux                                 0.593409 +/- 0.115402
     Incoming Energy [13499000, 13840000)
       Total Material
         Flux                                 0.327454 +/- 0.0801573
     Incoming Energy [13840000, 14191000)
       Total Material
         Flux                                 0.0574758 +/- 0.0226797
     Incoming Energy [14191000, 14550000)
       Total Material
         Flux                                 0 +/- 0
     Incoming Energy [14550000, 14918000)
       Total Material
         Flux                                 0 +/- 0
     Incoming Energy [14918000, 15683000)
       Total Material
         Flux                                 0 +/- 0
     Incoming Energy [15683000, 16487000)
       Total Material
         Flux                                 0 +/- 0
     Incoming Energy [16487000, 16905000)
       Total Material
         Flux                                 0 +/- 0
     Incoming Energy [16905000, 17332000)
       Total Material
         Flux                                 0 +/- 0
     Incoming Energy [17332000, 19640000)
       Total Material
         Flux                                 0 +/- 0
 ===================>     TALLY 14: PHOTON SPECTRA     <====================

 Cell 2
   Particle: photon
     Incoming Energy [1e-05, 10000)
       Total Material
         Flux                                 0.0015862 +/- 7.64925e-05
     Incoming Energy [10000, 20000)
       Total Material
         Flux                                 0.00118129 +/- 0.000227628
     Incoming Energy [20000, 50000)
       Total Material
         Flux                                 0.0797185 +/- 0.00723389
     Incoming Energy [50000, 100000)
       Total Material
         Flux                                 6.79548 +/- 0.228141
     Incoming Energy [100000, 200000)
       Total Material
         Flux                                 17.6541 +/- 0.463795
     Incoming Energy [200000, 300000)
       Total Material
         Flux                                 3.20862 +/- 0.177054
     Incoming Energy [300000, 400000)
       Total Material
         Flux                                 1.70881 +/- 0.129951
     Incoming Energy [400000, 600000)
       Total Material
         Flux                                 2.30896 +/- 0.156711
     Incoming Energy [600000, 800000)
       Total Material
         Flux                                 1.38995 +/- 0.120944
     Incoming Energy [800000, 1000000)
       Total Material
         Flux                                 0.797707 +/- 0.081575
     Incoming Energy [1000000, 1220000)
       Total Material
         Flux                                 1.02286 +/- 0.10283
     Incoming Energy [1220000, 1440000)
       Total Material
         Flux                                 2.40974 +/- 0.194974
     Incoming Energy [1440000, 1660000)
       Total Material
         Flux                                 0.788889 +/- 0.0996499
     Incoming Energy [1660000, 2000000)
       Total Material
         Flux                                 0.678312 +/- 0.103897
     Incoming Energy [2000000, 2500000)
       Total Material
         Flux                                 1.0082 +/- 0.128214
     Incoming Energy [2500000, 3000000)
       Total Material
         Flux                                 0.878843 +/- 0.123987
     Incoming Energy [3000000, 4000000)
       Total Material
         Flux                                 1.82779 +/- 0.165432
     Incoming Energy [4000000, 5000000)
       Total Material
         Flux                                 0.709445 +/- 0.125126
     Incoming Energy [5000000, 6500000)
       Total Material
         Flux                                 0.412679 +/- 0.0858055
     Incoming Energy [6500000, 8000000)
       Total Material
         Flux                                 0.0581281 +/- 0.0222309
     Incoming Energy [8000000, 10000000)
       Total Material
         Flux                                 0.00479644 +/- 0.00479644
     Incoming Energy [10000000, 12000000)
       Total Material
         Flux                                 0 +/- 0
     Incoming Energy [12000000, 14000000)
       Total Material
         Flux                                 0 +/- 0
     Incoming Energy [14000000, 20000000)
       Total Material
         Flux                                 0 +/- 0
